12-16 17:55:46.685  2098  3697 I AppsFilter: interaction: PackageSetting{78a743 com.funo.app/10342} -> PackageSetting{654ef63 com.oplus.statistics.rom/10100} BLOCKED
12-16 17:55:46.685  2098  3697 I AppsFilter: interaction: PackageSetting{78a743 com.funo.app/10342} -> PackageSetting{cac4760 com.google.android.webview/10146} BLOCKED
12-16 17:55:46.685  2098  3697 I AppsFilter: interaction: PackageSetting{78a743 com.funo.app/10342} -> PackageSetting{b931814 com.google.android.overlay.modules.documentsui/10028} BLOCKED
12-16 17:55:46.685  2098  3697 I AppsFilter: interaction: PackageSetting{78a743 com.funo.app/10342} -> PackageSetting{759d419 com.google.android.rkpdapp/10264} BLOCKED
12-16 17:55:46.685  2098  3697 I AppsFilter: interaction: PackageSetting{78a743 com.funo.app/10342} -> PackageSetting{4351cde com.google.android.contacts/10240} BLOCKED
12-16 17:55:46.685  2098  3697 I AppsFilter: interaction: PackageSetting{78a743 com.funo.app/10342} -> PackageSetting{b1d1ebf net.oneplus.widget/10278} BLOCKED
12-16 17:55:46.685  2098  3697 I AppsFilter: interaction: PackageSetting{78a743 com.funo.app/10342} -> PackageSetting{17e798c com.microsoft.deviceintegrationservice/10102} BLOCKED
12-16 17:55:46.685  2098  3697 I AppsFilter: interaction: PackageSetting{78a743 com.funo.app/10342} -> PackageSetting{a2a98d5 com.android.chrome/10140} BLOCKED
12-16 17:55:46.685  2098  3697 I AppsFilter: interaction: PackageSetting{78a743 com.funo.app/10342} -> PackageSetting{87228ea com.oneplus.filemanager/10166} BLOCKED
12-16 17:55:46.685  2098  3697 I AppsFilter: interaction: PackageSetting{78a743 com.funo.app/10342} -> PackageSetting{ee7db app.revanced.android.gms/10301} BLOCKED
12-16 17:55:46.685  2098  3697 I AppsFilter: interaction: PackageSetting{78a743 com.funo.app/10342} -> PackageSetting{f5fa278 com.google.android.partnersetup/10094} BLOCKED
12-16 17:55:46.685  2098  3697 I AppsFilter: interaction: PackageSetting{78a743 com.funo.app/10342} -> PackageSetting{3c41275 com.google.android.overlay.gmsconfig.asi/10001} BLOCKED
12-16 17:55:46.685  2098  3697 I AppsFilter: interaction: PackageSetting{78a743 com.funo.app/10342} -> PackageSetting{399b20a com.google.android.overlay.gmsconfig.gsa/10000} BLOCKED
12-16 17:55:46.685  2098  3697 I AppsFilter: interaction: PackageSetting{78a743 com.funo.app/10342} -> PackageSetting{8ed51 com.coloros.lockassistant/10108} BLOCKED
12-16 17:55:46.685  2098  3697 I AppsFilter: interaction: PackageSetting{78a743 com.funo.app/10342} -> PackageSetting{9c1e9b6 ru.zdevs.zarchiver.pro/10292} BLOCKED
12-16 17:55:46.685  2098  3697 I AppsFilter: interaction: PackageSetting{78a743 com.funo.app/10342} -> PackageSetting{5060f1 com.android.theme.font.notoserifsource/10024} BLOCKED
12-16 17:55:46.685  2098  3697 I AppsFilter: interaction: PackageSetting{78a743 com.funo.app/10342} -> PackageSetting{58a26b7 com.google.android.safetycenter.resources/10268} BLOCKED
12-16 17:55:46.685  2098  3697 I AppsFilter: interaction: PackageSetting{78a743 com.funo.app/10342} -> PackageSetting{9a6d357 com.android.internal.display.cutout.emulation.waterfall/10031} BLOCKED
12-16 17:55:46.685  2098  3697 I AppsFilter: interaction: PackageSetting{78a743 com.funo.app/10342} -> PackageSetting{c286e24 org.videolan.vlc/10298} BLOCKED
12-16 17:55:46.685  2098  3697 I AppsFilter: interaction: PackageSetting{78a743 com.funo.app/10342} -> PackageSetting{f791b2d com.android.internal.systemui.navbar.transparent/10043} BLOCKED
12-16 17:55:46.685  2098  3697 I AppsFilter: interaction: PackageSetting{78a743 com.funo.app/10342} -> PackageSetting{ea67862 com.oplus.android.overlay.modules.documentsui/10004} BLOCKED
12-16 17:55:46.685  2098  3697 I AppsFilter: interaction: PackageSetting{78a743 com.funo.app/10342} -> PackageSetting{d7aeb42 com.google.android.connectivity.resources/10256} BLOCKED
12-16 17:55:46.685  2098  3697 I AppsFilter: interaction: PackageSetting{78a743 com.funo.app/10342} -> PackageSetting{8107753 com.google.android.feedback/10222} BLOCKED
12-16 17:55:46.685  2098  3697 I AppsFilter: interaction: PackageSetting{78a743 com.funo.app/10342} -> PackageSetting{904890 com.google.android.printservice.recommendation/10226} BLOCKED
12-16 17:55:46.685  2098  3697 I AppsFilter: interaction: PackageSetting{78a743 com.funo.app/10342} -> PackageSetting{2eaf589 com.google.android.apps.photos/10249} BLOCKED
12-16 17:55:46.685  2098  3697 I AppsFilter: interaction: PackageSetting{78a743 com.funo.app/10342} -> PackageSetting{faa5584 com.google.android.calendar/10242} BLOCKED
12-16 17:55:46.685  2098  3697 I AppsFilter: interaction: PackageSetting{78a743 com.funo.app/10342} -> PackageSetting{5d0798e com.google.android.documentsui/10069} BLOCKED
12-16 17:55:46.685  2098  3697 I AppsFilter: interaction: PackageSetting{78a743 com.funo.app/10342} -> PackageSetting{a135af com.folderv.file/10303} BLOCKED
12-16 17:55:46.685  2098  3697 I AppsFilter: interaction: PackageSetting{78a743 com.funo.app/10342} -> PackageSetting{7595dbc com.google.android.accessibility.switchaccess/10147} BLOCKED
12-16 17:55:46.685  2098  3697 I AppsFilter: interaction: PackageSetting{78a743 com.funo.app/10342} -> PackageSetting{58e0061 com.xunijun.app.gp/10317} BLOCKED
12-16 17:55:46.685  2098  3697 I AppsFilter: interaction: PackageSetting{78a743 com.funo.app/10342} -> PackageSetting{7046145 com.oplus.games/10107} BLOCKED
12-16 17:55:46.685  2098  3697 I AppsFilter: interaction: PackageSetting{78a743 com.funo.app/10342} -> PackageSetting{2dea09a com.oplus.metis/10112} BLOCKED
12-16 17:55:46.685  2098  3697 I AppsFilter: interaction: PackageSetting{78a743 com.funo.app/10342} -> PackageSetting{ed57dcb com.android.providers.partnerbookmarks/10135} BLOCKED
12-16 17:55:46.685  2098  3697 I AppsFilter: interaction: PackageSetting{78a743 com.funo.app/10342} -> PackageSetting{33c99a8 com.oplus.securepay/10173} BLOCKED
12-16 17:55:46.685  2098  3697 I AppsFilter: interaction: PackageSetting{78a743 com.funo.app/10342} -> PackageSetting{78eccc1 com.oplus.wallpapers/10123} BLOCKED
12-16 17:55:46.685  2098  3697 I AppsFilter: interaction: PackageSetting{78a743 com.funo.app/10342} -> PackageSetting{8762c66 com.android.apps.tag/10071} BLOCKED
12-16 17:55:46.685  2098  3697 I AppsFilter: interaction: PackageSetting{78a743 com.funo.app/10342} -> PackageSetting{8bc2ba7 com.oplus.encryption/10158} BLOCKED
12-16 17:55:46.685  2098  3697 I AppsFilter: interaction: PackageSetting{78a743 com.funo.app/10342} -> PackageSetting{795a854 com.google.android.healthconnect.controller/10258} BLOCKED
12-16 17:55:46.685  2098  3697 I AppsFilter: interaction: PackageSetting{78a743 com.funo.app/10342} -> PackageSetting{8fa73fd com.pubgm/10321} BLOCKED
12-16 17:55:46.685  2098  3697 I AppsFilter: interaction: PackageSetting{78a743 com.funo.app/10342} -> PackageSetting{4a8a8f2 com.google.android.apps.translate/10302} BLOCKED
12-16 17:55:46.685  2098  3697 I AppsFilter: interaction: PackageSetting{78a743 com.funo.app/10342} -> PackageSetting{c75db43 com.heytap.colorfulengine/10097} BLOCKED
12-16 17:55:46.685  2098  3697 I AppsFilter: interaction: PackageSetting{78a743 com.funo.app/10342} -> PackageSetting{fcef5c0 com.android.bookmarkprovider/10073} BLOCKED
12-16 17:55:46.685  2098  3697 I AppsFilter: interaction: PackageSetting{78a743 com.funo.app/10342} -> PackageSetting{6218199 com.google.android.apps.nbu.paisa.user/10239} BLOCKED
12-16 17:55:46.685  2098  3697 I AppsFilter: interaction: PackageSetting{78a743 com.funo.app/10342} -> PackageSetting{314623e com.heytap.browser/10244} BLOCKED
12-16 17:55:46.685  2098  3697 I AppsFilter: interaction: PackageSetting{78a743 com.funo.app/10342} -> PackageSetting{2c11a0c com.google.android.networkstack.overlay/10008} BLOCKED
12-16 17:55:46.685  2098  3697 I AppsFilter: interaction: PackageSetting{78a743 com.funo.app/10342} -> PackageSetting{1ba71e3 com.google.android.projection.gearhead/10091} BLOCKED
12-16 17:55:46.685  2098  3697 I AppsFilter: interaction: PackageSetting{78a743 com.funo.app/10342} -> PackageSetting{f90e89f com.oplus.multiapp/10210} BLOCKED
12-16 17:55:46.685  2098  3697 I AppsFilter: interaction: PackageSetting{78a743 com.funo.app/10342} -> PackageSetting{3a7d7e0 com.android.cts.ctsshim/10262} BLOCKED
12-16 17:55:46.685  2098  3697 I AppsFilter: interaction: PackageSetting{78a743 com.funo.app/10342} -> PackageSetting{18dadec com.oplus.portrait/10170} BLOCKED
12-16 17:55:46.685  2098  3697 I AppsFilter: interaction: PackageSetting{78a743 com.funo.app/10342} -> PackageSetting{4d925b5 com.google.android.wifi.resources/10265} BLOCKED
12-16 17:55:46.685  2098  3697 I AppsFilter: interaction: PackageSetting{78a743 com.funo.app/10342} -> PackageSetting{8f0644a com.chatgum.chat.rooms/10313} BLOCKED
12-16 17:55:46.685  2098  3697 I AppsFilter: interaction: PackageSetting{78a743 com.funo.app/10342} -> PackageSetting{8256fbb com.google.android.wifi.dialog/10267} BLOCKED
12-16 17:55:46.685  2098  3697 I AppsFilter: interaction: PackageSetting{78a743 com.funo.app/10342} -> PackageSetting{59dbcd8 com.heytap.accessory/10096} BLOCKED
12-16 17:55:46.685  2098  3697 I AppsFilter: interaction: PackageSetting{78a743 com.funo.app/10342} -> PackageSetting{ac36831 android.autoinstalls.config.oneplus/10232} BLOCKED
12-16 17:55:46.685  2098  3697 I AppsFilter: interaction: PackageSetting{78a743 com.funo.app/10342} -> PackageSetting{184d11c com.nearme.instant.platform/10138} BLOCKED
12-16 17:55:46.685  2098  3697 I AppsFilter: interaction: PackageSetting{78a743 com.funo.app/10342} -> PackageSetting{5d87b16 com.oplus.aiunit/10148} BLOCKED
12-16 17:55:46.686  2098  3697 I AppsFilter: interaction: PackageSetting{78a743 com.funo.app/10342} -> PackageSetting{bb14c97 com.oplus.cast/10103} BLOCKED
12-16 17:55:46.686  2098  3697 I AppsFilter: interaction: PackageSetting{78a743 com.funo.app/10342} -> PackageSetting{39dce84 com.oplus.cota/10099} BLOCKED
12-16 17:55:46.686  2098  3697 I AppsFilter: interaction: PackageSetting{78a743 com.funo.app/10342} -> PackageSetting{519102d com.oplus.ndsf/10101} BLOCKED
12-16 17:55:46.686  2098  3697 I AppsFilter: interaction: PackageSetting{78a743 com.funo.app/10342} -> PackageSetting{55932a2 com.oplus.onet/10114} BLOCKED
12-16 17:55:46.686  2098  3697 I AppsFilter: interaction: PackageSetting{78a743 com.funo.app/10342} -> PackageSetting{fb41b33 com.android.email.partnerprovider/10136} BLOCKED
12-16 17:55:46.686  2098  3697 I AppsFilter: interaction: PackageSetting{78a743 com.funo.app/10342} -> PackageSetting{c6b4ef0 com.oppo.quicksearchbox/10231} BLOCKED
12-16 17:55:46.686  2098  3697 I AppsFilter: interaction: PackageSetting{78a743 com.funo.app/10342} -> PackageSetting{95dec69 com.google.android.gms.location.history/10137} BLOCKED
12-16 17:55:46.686  2098  3697 I AppsFilter: interaction: PackageSetting{78a743 com.funo.app/10342} -> PackageSetting{8c51e3c com.android.internal.systemui.navbar.gestural/10035} BLOCKED
12-16 17:55:46.686  2098  3697 I AppsFilter: interaction: PackageSetting{78a743 com.funo.app/10342} -> PackageSetting{d3bd6ee com.android.bluetoothmidiservice/10075} BLOCKED
12-16 17:55:46.686  2098  3697 I AppsFilter: interaction: PackageSetting{78a743 com.funo.app/10342} -> PackageSetting{80b378f com.coloros.operationManual/10165} BLOCKED
12-16 17:55:46.686  2098  3697 I AppsFilter: interaction: PackageSetting{78a743 com.funo.app/10342} -> PackageSetting{f4e6a1c com.coloros.floatassistant/10160} BLOCKED
12-16 17:55:46.686  2098  3697 I AppsFilter: interaction: PackageSetting{78a743 com.funo.app/10342} -> PackageSetting{2e3e228 com.android.carrierconfig.overlay/10046} BLOCKED
12-16 17:55:46.686  2098  3697 I AppsFilter: interaction: PackageSetting{78a743 com.funo.app/10342} -> PackageSetting{65fe625 com.coloros.childrenspace/10155} BLOCKED
12-16 17:55:46.686  2098  3697 I AppsFilter: interaction: PackageSetting{78a743 com.funo.app/10342} -> PackageSetting{49273fa com.google.android.cellbroadcastreceiver/10263} BLOCKED
12-16 17:55:46.686  2098  3697 I AppsFilter: interaction: PackageSetting{78a743 com.funo.app/10342} -> PackageSetting{f0dbdab com.oplus.linker/10113} BLOCKED
12-16 17:55:46.686  2098  3697 I AppsFilter: interaction: PackageSetting{78a743 com.funo.app/10342} -> PackageSetting{5e60c08 com.oplus.melody/10142} BLOCKED
12-16 17:55:46.686  2098  3697 I AppsFilter: interaction: PackageSetting{78a743 com.funo.app/10342} -> PackageSetting{cdbfa1 com.oneplus.membership/10229} BLOCKED
12-16 17:55:46.686  2098  3697 I AppsFilter: interaction: PackageSetting{78a743 com.funo.app/10342} -> PackageSetting{f83d5c6 com.oplus.screenshot/10119} BLOCKED
12-16 17:55:46.686  2098  3697 I AppsFilter: interaction: PackageSetting{78a743 com.funo.app/10342} -> PackageSetting{9bbc5c3 com.android.internal.systemui.navbar.gestural_narrow_back/10036} BLOCKED
12-16 17:55:46.686  2098  3697 I AppsFilter: interaction: PackageSetting{78a743 com.funo.app/10342} -> PackageSetting{3688987 com.coloros.colordirectservice/10157} BLOCKED
12-16 17:55:46.686  2098  3697 I AppsFilter: interaction: PackageSetting{78a743 com.funo.app/10342} -> PackageSetting{2d3e0b4 com.google.android.inputmethod.latin/10247} BLOCKED
12-16 17:55:46.686  2098  3697 I AppsFilter: interaction: PackageSetting{78a743 com.funo.app/10342} -> PackageSetting{1e5b4dd com.google.android.apps.restore/10095} BLOCKED
12-16 17:55:46.748  2098  2916 D CompatibilityChangeReporter: Compat change id reported: 265195908; UID 10159; state: ENABLED
12-16 17:55:46.758  2098  3058 D PowerManagerService: userActivityNoUpdateLocked: groupId=0, eventTime=1407380112, event=touch, flags=0x0, uid=1000
12-16 17:55:46.837  2098  2540 D OplusInterceptLockScreenWindow: starting IOplusLockScreenCallbacks service...
12-16 17:55:46.845  2098  3637 W BatteryExternalStatsWorker: error reading Bluetooth stats: 11
12-16 17:55:46.848  2098  2540 W ProcessStats: Tracking association SourceState{19c0fb4 com.oplus.exsystemservice/1000 ImpFg #3359846} whose proc state 5 is better than process ProcessState{c6fdf36 com.oplus.powermonitor/1000 pkg=com.oplus.powermonitor} proc state 8 (218 skipped)
12-16 17:55:46.868  2098  2607 D AppProfilerExtImpl: Skipped pss collection for CPU busy
12-16 17:55:47.038  2098  3058 D PowerManagerService: userActivityNoUpdateLocked: groupId=0, eventTime=1407380391, event=touch, flags=0x0, uid=1000
12-16 17:55:47.336  2098  3281 I WallpaperManagerServiceExt: getFoldWallpaperInfo user=0 which=32 phyDisplay=1
12-16 17:55:47.337  2098  3281 I WallpaperManagerServiceExt: getFoldWallpaperInfo user=0 which=16 phyDisplay=1
12-16 17:55:47.338  2098  3281 D OplusAppListInterceptManager: shouldFilterTask
12-16 17:55:47.338  2098  3281 D OplusAppListInterceptManager: shouldFilterTask::packageName = com.funo.app
12-16 17:55:47.338  2098  3281 D ActivityTaskManager: Skipping, invisible task: Task{26f1e6a #5 type=home I=com.android.launcher/.Launcher}
12-16 17:55:47.338  2098  3281 D OplusAppListInterceptManager: shouldFilterTask
12-16 17:55:47.338  2098  3281 D OplusAppListInterceptManager: shouldFilterTask::packageName = com.chatgum.chat.rooms
12-16 17:55:47.338  2098  3281 D ActivityTaskManager: Skipping, invisible task: Task{b2393c9 #3586 type=standard A=10294:com.instagram.android.RtcCallActivity}
12-16 17:55:47.338  2098  3281 D ActivityTaskManager: Skipping, invisible task: Task{50fd727 #3216 type=standard A=10294:com.instagram.android.RtcCallActivity}
12-16 17:55:47.338  2098  3281 D ActivityTaskManager: Skipping, invisible task: Task{f3514f3 #3077 type=standard A=10294:com.instagram.android.RtcCallActivity}
12-16 17:55:47.338  2098  3281 D ActivityTaskManager: Skipping, invisible task: Task{dac3be6 #803 type=standard A=10294:com.instagram.android.RtcCallActivity}
12-16 17:55:47.338  2098  3281 D ActivityTaskManager: after skip size 2
12-16 17:55:47.344  2098  3281 I WallpaperManagerServiceExt: getFoldWallpaperInfo user=0 which=32 phyDisplay=1
12-16 17:55:47.344  2098  3281 I WallpaperManagerServiceExt: getFoldWallpaperInfo user=0 which=16 phyDisplay=1
12-16 17:55:47.345  2098  3281 E OplusAthenaAm: AthenaAmManagerInternal transact code hello:6,flags:0
12-16 17:55:47.345  2098  3281 E OplusAthenaAm: AthenaAmManagerInternal transact code hello:7,flags:0
12-16 17:55:47.349  2098  3281 E OplusAthenaAm: AthenaAmManagerInternal transact code hello:4,flags:0
12-16 17:55:47.349  2098  3281 E OplusAthenaAm: AthenaAmManagerInternal transact code hello:4,flags:0
12-16 17:55:47.349  2098  3281 E OplusAthenaAm: AthenaAmManagerInternal transact code hello:4,flags:0
12-16 17:55:47.354  2098  6691 I ActivityManager: Process com.oneplus.deskclock:clockWidget (pid 28739) has died: cch+5 CEM 
12-16 17:55:47.360  2098  6691 W ActivityManager: Process 27847 does not match uid 10104 ignore setting hits oom adj
12-16 17:55:47.361  2098  3417 I ActivityManager: Process com.google.process.gservices (pid 27847) has died: cch+25 CEM 
12-16 17:55:47.361  2098  2537 D DisplayManagerService: Drop pending events for gone uid 10159
12-16 17:55:47.366  2098  5701 I ActivityManager: Process com.oplus.romupdate (pid 26682) has died: cch+15 CEM 
12-16 17:55:47.382  2098  2537 D DisplayManagerService: Drop pending events for gone uid 10167
12-16 17:55:47.673 31821 31971 D TelephonyManagerProxy: onTelephonyEventReport,cb list: 3
12-16 17:55:47.673 31821 31971 D TelephonyManagerProxy: onTelephonyEventReport,cb: m8.a$a@75514b1
12-16 17:55:47.673 31821 31971 D TelephonyManagerProxy: onTelephonyEventReport,cb: e8.d$a@7e8a8e9
12-16 17:55:47.673 31821 31971 D TelephonyManagerProxy: onTelephonyEventReport,cb: e8.d$a@ebd196e
12-16 17:55:47.848  2098  3058 D PowerManagerService: userActivityNoUpdateLocked: groupId=0, eventTime=1407381197, event=touch, flags=0x0, uid=1000
12-16 17:55:47.858  3300  3437 D ShellBackPreview: initAnimation mMotionStarted=false
12-16 17:55:47.859  2098  3721 D CoreBackPreview: Focused window found using getFocusedWindowToken
12-16 17:55:47.859  2098  3721 D CoreBackPreview: startBackNavigation currentTask=Task{658d9c4 #3739 type=standard A=10342:com.funo.app}, topRunningActivity=ActivityRecord{d500a1a u0 com.funo.app/.SignupActivity t3739}, callbackInfo=OnBackInvokedCallbackInfo{mCallback=android.window.IOnBackInvokedCallback$Stub$Proxy@2f2a1b7, mPriority=0, mIsAnimationCallback=false}, currentFocus=Window{4bfc5d4 u0 com.funo.app/com.funo.app.SignupActivity}
12-16 17:55:47.860  3300  3437 D ShellBackPreview: Received backNavigationInfo:BackNavigationInfo{mType=TYPE_CALLBACK (4), mOnBackNavigationDone=android.os.RemoteCallback@3e7a625, mOnBackInvokedCallback=android.window.IOnBackInvokedCallback$Stub$Proxy@3df33fa, mPrepareRemoteAnimation=false, mAnimationCallback=false, mCustomizeAnimationInfo=null}
12-16 17:55:47.862  2098  2537 D WindowManager: request show transient bar, provider = com.android.server.wm.InsetsSourceProvider@e094bdd controlTarget = null
12-16 17:55:47.866  2098  3721 V WindowManager: Relayout Window{b086dde u0 ColorSideGestureRight_displayId_0}: viewVisibility=0, oldvis=8, req=115x2725, vsysui=
12-16 17:55:47.867  2098  3721 I WindowManager: Window{b086dde u0 ColorSideGestureRight_displayId_0} state from NO_SURFACE to DRAW_PENDING; reason: resetDrawState
12-16 17:55:47.881  2098  3721 I WindowManager: Window{b086dde u0 ColorSideGestureRight_displayId_0} state from DRAW_PENDING to COMMIT_DRAW_PENDING; reason: finishDrawingLocked
12-16 17:55:47.883  2098  2541 I WindowManager: Window{b086dde u0 ColorSideGestureRight_displayId_0} state from COMMIT_DRAW_PENDING to READY_TO_SHOW; reason: commitFinishDrawingLocked
12-16 17:55:47.884  2098  7612 I VibratorManagerServiceExtImpl: vibrate is uid=10197, pid=3300, opPkg=com.android.systemui, effect=Mono{mEffect=Composed{segments=[Step{amplitude=0.0, frequencyHz=0.0, duration=0}, Step{amplitude=-1.0, frequencyHz=0.0, duration=65}], repeat=-1}}, attributes=VibrationAttributes: Usage=TOUCH Audio Usage= USAGE_UNKNOWN Flags=0, token=237472062
12-16 17:55:47.884  2098  2541 I WindowManager: Window{b086dde u0 ColorSideGestureRight_displayId_0} state from READY_TO_SHOW to HAS_DRAWN; reason: performShowLocked
12-16 17:55:47.886  2098  3724 I OplusJoystickManager: read game pad state for game manager -> false
12-16 17:55:47.886  2098  3724 W OplusJoystickManager: mInterceptGamepadKey is false
12-16 17:55:47.886  2098  3724 D OplusCustomizeRestrictionManagerService: isLongPressVolumeUpDisabled start
12-16 17:55:47.886  2098  3724 E OplusCustomizeRestrictionManagerService: isBackButtonDisabled start
12-16 17:55:47.886  2098  3724 D StrategyBlackscreenshot: notifyKeyBeforeQueueing, event=KeyEvent { action=ACTION_DOWN, keyCode=KEYCODE_BACK, scanCode=0, metaState=0, flags=0x48, repeatCount=0, eventTime=1407381241000000, downTime=1407381241000000, deviceId=-1, source=0x101, displayId=0 }, interactive=true
12-16 17:55:47.886  2098  3637 I OplusJoystickManager: read game pad state for game manager -> false
12-16 17:55:47.887  2098  3637 W OplusJoystickManager: mInterceptGamepadKey is false
12-16 17:55:47.887  2098  3637 D OplusCustomizeRestrictionManagerService: isLongPressVolumeUpDisabled start
12-16 17:55:47.887  2098  3637 D StrategyBlackscreenshot: notifyKeyBeforeQueueing, event=KeyEvent { action=ACTION_UP, keyCode=KEYCODE_BACK, scanCode=0, metaState=0, flags=0x48, repeatCount=0, eventTime=1407381242000000, downTime=1407381242000000, deviceId=-1, source=0x101, displayId=0 }, interactive=true
12-16 17:55:47.887  3300  3437 D ShellBackPreview: Finishing gesture with event action: 1
12-16 17:55:47.887  3300  3437 D ShellBackPreview: onGestureFinished() mTriggerBack == false
12-16 17:55:47.888  3300  3437 D ShellBackPreview: BackAnimationController: finishBackNavigation()
12-16 17:55:47.888  2098  3721 D CoreBackPreview: onBackNavigationDone backType=4, triggerBack=false
12-16 17:55:47.889  2098  3058 D PowerManagerService: userActivityNoUpdateLocked: groupId=0, eventTime=1407381241, event=button, flags=0x0, uid=1000
12-16 17:55:47.890  2098  3058 D OplusCustomizeRestrictionManagerService: isLongPressVolumeUpDisabled start
12-16 17:55:47.891  2098  2537 D AutofillManagerService: onBackKeyPressed()
12-16 17:55:47.891  2098  2537 V AutofillUI: hideSaveUiUiThread(): mSaveUi=null, callback=null, mCallback=null
12-16 17:55:47.893  2098  3058 D OplusCustomizeRestrictionManagerService: isLongPressVolumeUpDisabled start
12-16 17:55:47.905  2098  3721 V AutofillInlineSuggestionsRequestSession: onInputMethodFinishInputView() received
12-16 17:55:47.915  2098  2540 V WindowStateExtImpl: notifyWindowStateChange input show
12-16 17:55:47.918  3300  3300 W VRI[StatusBar]: handleResized abandoned!
12-16 17:55:47.919  3300  3617 W VRI[ColorSideGestureRight_displayId_0]: handleResized abandoned!
12-16 17:55:47.919  6485  6485 W VRI[OplusOSEdgeFloatBar]: handleResized abandoned!
12-16 17:55:47.920  3300  3300 W VRI[NavigationBar_displayId_0]: handleResized abandoned!
12-16 17:55:47.922 29001 29001 W VRI[SignupActivity]: handleResized abandoned!
12-16 17:55:47.923 29574 29574 W VRI[InputMethod]: updateBlastSurfaceIfNeeded, surfaceSize:Point(1080, 2302), lastSurfaceSize:Point(1080, 2302), format:-2, blastBufferQueue:android.graphics.BLASTBufferQueue@686a619
12-16 17:55:47.924  2098  3721 D WindowManagerServiceExtImpl: extractConfigInfoAndRealFlags rotation=0, screenDp=720, win=Window{cb599f0 u0 InputMethod}
12-16 17:55:47.924  2098  3721 V WindowManager: Relayout Window{cb599f0 u0 InputMethod}: viewVisibility=0, oldvis=0, req=1080x2302, vsysui=
12-16 17:55:47.928  2098  3637 D CoreBackPreview: Window{4bfc5d4 u0 com.funo.app/com.funo.app.SignupActivity}: Setting back callback OnBackInvokedCallbackInfo{mCallback=android.window.IOnBackInvokedCallback$Stub$Proxy@fdeacec, mPriority=0, mIsAnimationCallback=false}
12-16 17:55:48.083  2098  3721 V WindowManager: Relayout Window{b086dde u0 ColorSideGestureRight_displayId_0}: viewVisibility=8, oldvis=0, req=115x2725, vsysui=
12-16 17:55:48.085  2098  3721 I WindowManager: Window{b086dde u0 ColorSideGestureRight_displayId_0} state from HAS_DRAWN to NO_SURFACE; reason: destroySurface
12-16 17:55:48.315  2098  3058 D PowerManagerService: userActivityNoUpdateLocked: groupId=0, eventTime=1407381667, event=touch, flags=0x0, uid=1000
12-16 17:55:48.372  2098  3697 D InputMethodManagerService: isSecurity: attribute.packageName = com.funo.app mCurMethodId = com.google.android.inputmethod.latin/com.android.inputmethod.latin.LatinIME isSecurity = false ( enable = false needShow = true inBlackList = false isExist = true )
12-16 17:55:48.375  2098  3697 V AutofillInlineSuggestionsRequestSession: onInputMethodFinishInput() received
12-16 17:55:48.377  2098  3697 V AutofillInlineSuggestionsRequestSession: onInputMethodStartInput() received on 1073741826
12-16 17:55:48.386  2098  3697 W PackageConfigPersister: App-specific configuration not found for packageName: com.funo.app and userId: 0
12-16 17:55:48.388  2098  3724 V AutofillInlineSuggestionsRequestSession: onInputMethodShowInputRequested() received: true
12-16 17:55:48.388 29001 29001 I Quality : Skipped: false 2 cost 24.985144 refreshRate 8334619 bit true processName com.funo.app
12-16 17:55:48.389  2098  3724 V AutofillInlineSuggestionsRequestSession: onInputMethodStartInputView() received
12-16 17:55:48.420 29574 29574 W VRI[InputMethod]: updateBlastSurfaceIfNeeded, surfaceSize:Point(1080, 2302), lastSurfaceSize:Point(1080, 2302), format:-2, blastBufferQueue:android.graphics.BLASTBufferQueue@686a619
12-16 17:55:48.420  2098  3721 D WindowManagerServiceExtImpl: extractConfigInfoAndRealFlags rotation=0, screenDp=720, win=Window{cb599f0 u0 InputMethod}
12-16 17:55:48.421  2098  3721 V WindowManager: Relayout Window{cb599f0 u0 InputMethod}: viewVisibility=0, oldvis=0, req=1080x2302, vsysui=
12-16 17:55:48.435  2098  7612 D CoreBackPreview: Window{4bfc5d4 u0 com.funo.app/com.funo.app.SignupActivity}: Setting back callback OnBackInvokedCallbackInfo{mCallback=android.window.IOnBackInvokedCallback$Stub$Proxy@c43496d, mPriority=0, mIsAnimationCallback=false}
12-16 17:55:48.435  3300  3300 W VRI[StatusBar]: handleResized abandoned!
12-16 17:55:48.436  6485  6485 W VRI[OplusOSEdgeFloatBar]: handleResized abandoned!
12-16 17:55:48.436  3300  3300 W VRI[NavigationBar_displayId_0]: handleResized abandoned!
12-16 17:55:48.445  6485  6485 W VRI[OplusOSEdgeFloatBar]: handleResized abandoned!
12-16 17:55:48.445  2098  2540 V WindowStateExtImpl: notifyWindowStateChange input show
12-16 17:55:48.445 29574 29574 W VRI[InputMethod]: handleResized abandoned!
12-16 17:55:48.446  3300  3300 W VRI[StatusBar]: handleResized abandoned!
12-16 17:55:48.446  3300  3300 W VRI[NavigationBar_displayId_0]: handleResized abandoned!
12-16 17:55:48.449 29001 29001 W VRI[SignupActivity]: handleResized abandoned!
12-16 17:55:48.455 29001 29001 W VRI[SignupActivity]: handleResized abandoned!
12-16 17:55:49.074  2098  3058 D PowerManagerService: userActivityNoUpdateLocked: groupId=0, eventTime=1407382426, event=touch, flags=0x0, uid=1000
12-16 17:55:49.176 29001 29001 I Quality : Skipped: false 1 cost 12.323773 refreshRate 8337756 bit true processName com.funo.app
12-16 17:55:49.397  2098  3058 D PowerManagerService: userActivityNoUpdateLocked: groupId=0, eventTime=1407382750, event=touch, flags=0x0, uid=1000
12-16 17:55:49.452  2098  3085 V NetworkPolicy: updateNetworkEnabledNL() return
12-16 17:55:49.452  2098  3085 V NetworkPolicy: updateNotificationsNL not process
12-16 17:55:49.454  2098  3186 I OplusStatusBarManagerServiceEnhance:  getTopIsFullscreen mTopIsFullscreen: false
12-16 17:55:49.454  2098  2098 D NotificationService--OplusNotificationManagerServiceExtImpl: isForwardToAssistants: false, case : Is in mMcsNotInterceptPkgList or is isSystemApp
12-16 17:55:49.454  2098  2098 D NotificationService: This application enqueue notifications is not need postDelayed
12-16 17:55:49.484 31821 31982 V MonthTrafficAlert: getWarningNotification subId:1 numWarningNotificaion:0
12-16 17:55:49.484 31821 31982 V TrafficAlert: getLimitNotification subId:1 ,numLimitNotificaion:0
12-16 17:55:49.487 31821 31982 V MonthTrafficAlert: getWarningNotification subId:1 numWarningNotificaion:0
12-16 17:55:49.487 31821 31982 V TrafficAlert: getLimitNotification subId:1 ,numLimitNotificaion:0
12-16 17:55:49.664  2098  3058 D PowerManagerService: userActivityNoUpdateLocked: groupId=0, eventTime=1407383017, event=touch, flags=0x0, uid=1000
12-16 17:55:49.980  2098  3058 D PowerManagerService: userActivityNoUpdateLocked: groupId=0, eventTime=1407383333, event=touch, flags=0x0, uid=1000
12-16 17:55:50.041 29001 29001 I Quality : Skipped: false 1 cost 10.458791 refreshRate 8333356 bit true processName com.funo.app
12-16 17:55:50.300  2098  3058 D PowerManagerService: userActivityNoUpdateLocked: groupId=0, eventTime=1407383651, event=touch, flags=0x0, uid=1000
12-16 17:55:50.589  2098  3058 D PowerManagerService: userActivityNoUpdateLocked: groupId=0, eventTime=1407383942, event=touch, flags=0x0, uid=1000
12-16 17:55:51.262  2098  3058 D PowerManagerService: userActivityNoUpdateLocked: groupId=0, eventTime=1407384613, event=touch, flags=0x0, uid=1000
12-16 17:55:51.276  3300  3437 D ShellBackPreview: initAnimation mMotionStarted=false
12-16 17:55:51.278  2098  3697 D CoreBackPreview: Focused window found using getFocusedWindowToken
12-16 17:55:51.278  2098  3697 D CoreBackPreview: startBackNavigation currentTask=Task{658d9c4 #3739 type=standard A=10342:com.funo.app}, topRunningActivity=ActivityRecord{d500a1a u0 com.funo.app/.SignupActivity t3739}, callbackInfo=OnBackInvokedCallbackInfo{mCallback=android.window.IOnBackInvokedCallback$Stub$Proxy@c43496d, mPriority=0, mIsAnimationCallback=false}, currentFocus=Window{4bfc5d4 u0 com.funo.app/com.funo.app.SignupActivity}
12-16 17:55:51.280  3300  3437 D ShellBackPreview: Received backNavigationInfo:BackNavigationInfo{mType=TYPE_CALLBACK (4), mOnBackNavigationDone=android.os.RemoteCallback@3daa277, mOnBackInvokedCallback=android.window.IOnBackInvokedCallback$Stub$Proxy@a19ee4, mPrepareRemoteAnimation=false, mAnimationCallback=false, mCustomizeAnimationInfo=null}
12-16 17:55:51.280  2098  2537 D WindowManager: request show transient bar, provider = com.android.server.wm.InsetsSourceProvider@e094bdd controlTarget = null
12-16 17:55:51.285  2098  3697 V WindowManager: Relayout Window{b086dde u0 ColorSideGestureRight_displayId_0}: viewVisibility=0, oldvis=8, req=115x2725, vsysui=
12-16 17:55:51.285  2098  3697 I WindowManager: Window{b086dde u0 ColorSideGestureRight_displayId_0} state from NO_SURFACE to DRAW_PENDING; reason: resetDrawState
12-16 17:55:51.299  2098  7612 I WindowManager: Window{b086dde u0 ColorSideGestureRight_displayId_0} state from DRAW_PENDING to COMMIT_DRAW_PENDING; reason: finishDrawingLocked
12-16 17:55:51.301  2098  2541 I WindowManager: Window{b086dde u0 ColorSideGestureRight_displayId_0} state from COMMIT_DRAW_PENDING to READY_TO_SHOW; reason: commitFinishDrawingLocked
12-16 17:55:51.301  2098  2541 I WindowManager: Window{b086dde u0 ColorSideGestureRight_displayId_0} state from READY_TO_SHOW to HAS_DRAWN; reason: performShowLocked
12-16 17:55:51.301  2098  3697 I VibratorManagerServiceExtImpl: vibrate is uid=10197, pid=3300, opPkg=com.android.systemui, effect=Mono{mEffect=Composed{segments=[Step{amplitude=0.0, frequencyHz=0.0, duration=0}, Step{amplitude=-1.0, frequencyHz=0.0, duration=65}], repeat=-1}}, attributes=VibrationAttributes: Usage=TOUCH Audio Usage= USAGE_UNKNOWN Flags=0, token=237472062
12-16 17:55:51.304  2098  3724 I OplusJoystickManager: read game pad state for game manager -> false
12-16 17:55:51.304  2098  3724 W OplusJoystickManager: mInterceptGamepadKey is false
12-16 17:55:51.304  2098  3724 D OplusCustomizeRestrictionManagerService: isLongPressVolumeUpDisabled start
12-16 17:55:51.304  2098  3724 E OplusCustomizeRestrictionManagerService: isBackButtonDisabled start
12-16 17:55:51.304  2098  3724 D StrategyBlackscreenshot: notifyKeyBeforeQueueing, event=KeyEvent { action=ACTION_DOWN, keyCode=KEYCODE_BACK, scanCode=0, metaState=0, flags=0x48, repeatCount=0, eventTime=1407384660000000, downTime=1407384660000000, deviceId=-1, source=0x101, displayId=0 }, interactive=true
12-16 17:55:51.305  2098  3058 D PowerManagerService: userActivityNoUpdateLocked: groupId=0, eventTime=1407384660, event=button, flags=0x0, uid=1000
12-16 17:55:51.305  2098  3721 I OplusJoystickManager: read game pad state for game manager -> false
12-16 17:55:51.305  2098  3721 W OplusJoystickManager: mInterceptGamepadKey is false
12-16 17:55:51.305  2098  3721 D OplusCustomizeRestrictionManagerService: isLongPressVolumeUpDisabled start
12-16 17:55:51.305  2098  3721 D StrategyBlackscreenshot: notifyKeyBeforeQueueing, event=KeyEvent { action=ACTION_UP, keyCode=KEYCODE_BACK, scanCode=0, metaState=0, flags=0x48, repeatCount=0, eventTime=1407384661000000, downTime=1407384661000000, deviceId=-1, source=0x101, displayId=0 }, interactive=true
12-16 17:55:51.306  2098  3058 D OplusCustomizeRestrictionManagerService: isLongPressVolumeUpDisabled start
12-16 17:55:51.306  3300  3437 D ShellBackPreview: Finishing gesture with event action: 1
12-16 17:55:51.306  3300  3437 D ShellBackPreview: onGestureFinished() mTriggerBack == false
12-16 17:55:51.306  2098  2537 D AutofillManagerService: onBackKeyPressed()
12-16 17:55:51.306  3300  3437 D ShellBackPreview: BackAnimationController: finishBackNavigation()
12-16 17:55:51.307  2098  2537 V AutofillUI: hideSaveUiUiThread(): mSaveUi=null, callback=null, mCallback=null
12-16 17:55:51.310  2098  3058 D OplusCustomizeRestrictionManagerService: isLongPressVolumeUpDisabled start
12-16 17:55:51.310  2098  3697 D CoreBackPreview: onBackNavigationDone backType=4, triggerBack=false
12-16 17:55:51.316  2098  3721 V AutofillInlineSuggestionsRequestSession: onInputMethodFinishInputView() received
12-16 17:55:51.328 29574 29574 W VRI[InputMethod]: updateBlastSurfaceIfNeeded, surfaceSize:Point(1080, 2302), lastSurfaceSize:Point(1080, 2302), format:-2, blastBufferQueue:android.graphics.BLASTBufferQueue@686a619
12-16 17:55:51.332  2098  2540 V WindowStateExtImpl: notifyWindowStateChange input show
12-16 17:55:51.333  3300  3300 W VRI[StatusBar]: handleResized abandoned!
12-16 17:55:51.333  6485  6485 W VRI[OplusOSEdgeFloatBar]: handleResized abandoned!
12-16 17:55:51.333  2098  3894 D WindowManagerServiceExtImpl: extractConfigInfoAndRealFlags rotation=0, screenDp=720, win=Window{cb599f0 u0 InputMethod}
12-16 17:55:51.333  3300  3617 W VRI[ColorSideGestureRight_displayId_0]: handleResized abandoned!
12-16 17:55:51.333  3300  3300 W VRI[NavigationBar_displayId_0]: handleResized abandoned!
12-16 17:55:51.334  2098  3894 V WindowManager: Relayout Window{cb599f0 u0 InputMethod}: viewVisibility=0, oldvis=0, req=1080x2302, vsysui=
12-16 17:55:51.337 29001 29001 W VRI[SignupActivity]: handleResized abandoned!
12-16 17:55:51.338  2098  2607 D AppProfilerExtImpl: Skipped pss collection for CPU busy
12-16 17:55:51.340  2098  7612 D CoreBackPreview: Window{4bfc5d4 u0 com.funo.app/com.funo.app.SignupActivity}: Setting back callback OnBackInvokedCallbackInfo{mCallback=android.window.IOnBackInvokedCallback$Stub$Proxy@721a223, mPriority=0, mIsAnimationCallback=false}
12-16 17:55:51.508  2098  3731 V WindowManager: Relayout Window{b086dde u0 ColorSideGestureRight_displayId_0}: viewVisibility=8, oldvis=0, req=115x2725, vsysui=
12-16 17:55:51.508  2098  3731 I WindowManager: Window{b086dde u0 ColorSideGestureRight_displayId_0} state from HAS_DRAWN to NO_SURFACE; reason: destroySurface
12-16 17:55:51.727  2098  3058 D PowerManagerService: userActivityNoUpdateLocked: groupId=0, eventTime=1407385080, event=touch, flags=0x0, uid=1000
12-16 17:55:51.777  2098  3731 D ActivityStarterExtImpl: checkOpMode: 3
12-16 17:55:51.778  2098  3731 D ActivityStarterExtImpl: setForceUpdateWindow, targetTask = Task{658d9c4 #3739 type=standard A=10342:com.funo.app} r = ActivityRecord{f4b114c u0 com.funo.app/.AvatarPickerActivity notFinish =false
12-16 17:55:51.778  2098  3731 D FlexibleTaskController: adjustOptionsForFlexibleTask skip adjust options reason:2
12-16 17:55:51.778  2098  3731 D FlexibleWindowManager: no reused task found for ActivityRecord{f4b114c u0 com.funo.app/.AvatarPickerActivity t-1}
12-16 17:55:51.778  2098  3731 D OplusZoomWindowRUSConfigManager: isSupportZoomModeWithPolicyLocked: target = com.funo.app/.AvatarPickerActivity
12-16 17:55:51.778  2098  3731 D OplusZoomWindowRUSConfigManager: targetPkg = com.funo.app
12-16 17:55:51.780  2098  3731 D TaskFragmentExtImpl: add ActivityRecord{f4b114c u0 com.funo.app/.AvatarPickerActivity t3739} to mActivityRecordSum = Counter{ com.funo.app/.LoginActivity(1) com.funo.app/.SignupActivity(1) com.funo.app/.AvatarPickerActivity(1) }
12-16 17:55:51.781  2098  3731 D OplusStartingWindowManager: reviseWindowFlagsForStarting activityRecord =:ActivityRecord{f4b114c u0 com.funo.app/.AvatarPickerActivity t3739}, RUS version:20240715
12-16 17:55:51.781  2098  3731 D ActivityTaskManager: validateStartingWindowTheme:  Pkg=com.funo.app, Translucent=false, Floating=false, ShowWallpaper=false, Disable=false, LaunchSource=4
12-16 17:55:51.781  2098  3731 D ActivityTaskManager: getStartingWindowType: , newTask=false, taskSwitch=false, processRunning=true, allowTaskSnapshot=true, activityCreated=false, activityAllDrawn=false, snapshot=null, record:ActivityRecord{f4b114c u0 com.funo.app/.AvatarPickerActivity t3739}
12-16 17:55:51.781  2098  3731 D ActivityRecordExtImpl: handleStartingWindowForCompactWindow origin type:0, adjustType : 0
12-16 17:55:51.781  2098  3731 D OplusZoomWindowRUSConfigManager: isSupportZoomModeWithPolicyLocked: target = com.funo.app/.AvatarPickerActivity
12-16 17:55:51.781  2098  3731 D OplusZoomWindowRUSConfigManager: targetPkg = com.funo.app
12-16 17:55:51.784  2098  3731 E Transition: Trying to add a ready-group twice: Display{#0 state=ON size=1080x2412 ROTATION_0}
12-16 17:55:51.784  2098  3731 D OplusTransitionController: requestStartTransition, requestInfo type: OPEN, remoteTransition: null, displayChange: null, transition: TransitionRecord{9e7329b id=21429 type=OPEN flags=0x0}, caller: com.android.server.wm.TransitionControllerExtImpl.requestStartTransition:41 com.android.server.wm.TransitionController.requestStartTransition:738 com.android.server.wm.ActivityStarter.handleStartResult:1930 com.android.server.wm.ActivityStarter.startActivityUnchecked:1788 com.android.server.wm.ActivityStarter.executeRequest:1538 
12-16 17:55:51.785  2098  3731 I ActivityTaskManager: START u0 {cmp=com.funo.app/.AvatarPickerActivity (has extras) mCallingUid=10342} with LAUNCH_MULTIPLE from uid 10342 (BAL_ALLOW_VISIBLE_WINDOW) result code=0
12-16 17:55:51.785  3300  3437 V WindowManagerShell: Transition requested: android.os.BinderProxy@442244e TransitionRequestInfo { type = OPEN, triggerTask = TaskInfo{userId=0 taskId=3739 displayId=0 isRunning=true baseIntent=Intent { act=android.intent.action.MAIN cat=[android.intent.category.LAUNCHER] flg=0x10200000 cmp=com.funo.app/.LoginActivity mCallingUid=10187 } baseActivity=ComponentInfo{com.funo.app/com.funo.app.LoginActivity} topActivity=ComponentInfo{com.funo.app/com.funo.app.AvatarPickerActivity} origActivity=null realActivity=ComponentInfo{com.funo.app/com.funo.app.LoginActivity} numActivities=3 lastActiveTime=1726940465 supportsSplitScreenMultiWindow=true supportsMultiWindow=true supportsPocketStudioMultiWindow=true isInFlexibleEmbedded = false uid = 10342 pid = 0 resizeMode=1 isResizeable=true minWidth=-1 minHeight=-1 defaultMinSize=220 token=WCT{android.window.IWindowContainerToken$Stub$Proxy@98d696f} topActivityType=1 pictureInPictureParams=null shouldDockBigOverlays=false launchIntoPipHostTaskId=-1 lastParentTaskIdBeforePip=-1 displayCutoutSafeInsets=Rect(0, 110 - 0, 0) topActivityInfo=ActivityInfo{22fe67c com.funo.app.AvatarPickerActivity} launchCookies=[] positionInParent=Point(0, 0) parentTaskId=-1 isFocused=true isVisible=true isVisibleRequested=true isSleeping=false topActivityInSizeCompat=false topActivityInOplusCompatMode=false topActivityEligibleForLetterboxEducation= false topActivityLetterboxed= false isFromDoubleTap= false topActivityLetterboxVerticalPosition= -1 topActivityLetterboxHorizontalPosition= -1 topActivityLetterboxWidth=-1 topActivityLetterboxHeight=-1 locusId=null displayAreaFeatureId=1 cameraCompatControlState=hidden locusId= null topActivityLetterboxInsets=Rect(0, 0 - 0, 0)}, remoteTransition = null, displayChange = null }
12-16 17:55:51.786  2098  2541 I TaskOrganizerController: onTaskInfoChanged taskid 3739 config { mBounds=Rect(0, 0 - 1080, 2412) mAppBounds=Rect(0, 110 - 1080, 2364) mMaxBounds=Rect(0, 0 - 1080, 2412) mDisplayRotation=ROTATION_0 mWindowingMode=fullscreen mDisplayWindowingMode=fullscreen mActivityType=standard mAlwaysOnTop=undefined mRotation=ROTATION_0}
12-16 17:55:51.786  2098  2541 D FlexibleWindowManager: onFlexibleWindowTaskInfoChanged: mTaskId = 3739 oldIsTaskEmbedded = false   curIsTaskEmbedded = false  topActivity = ComponentInfo{com.funo.app/com.funo.app.AvatarPickerActivity}
12-16 17:55:51.786  2098  2541 D OplusFlexibleWindowMinimizedManagerHelper: onTaskInfoChanged taskInfo:TaskInfo{userId=0 taskId=3739 displayId=0 isRunning=true baseIntent=Intent { act=android.intent.action.MAIN cat=[android.intent.category.LAUNCHER] flg=0x10200000 cmp=com.funo.app/.LoginActivity mCallingUid=10187 } baseActivity=ComponentInfo{com.funo.app/com.funo.app.LoginActivity} topActivity=ComponentInfo{com.funo.app/com.funo.app.AvatarPickerActivity} origActivity=null realActivity=ComponentInfo{com.funo.app/com.funo.app.LoginActivity} numActivities=3 lastActiveTime=1726940465 supportsSplitScreenMultiWindow=true supportsMultiWindow=true supportsPocketStudioMultiWindow=true isInFlexibleEmbedded = false uid = 10342 pid = 0 resizeMode=1 isResizeable=true minWidth=-1 minHeight=-1 defaultMinSize=220 token=WCT{RemoteToken{71449c7 Task{658d9c4 #3739 type=standard A=10342:com.funo.app}}} topActivityType=1 pictureInPictureParams=null shouldDockBigOverlays=false launchIntoPipHostTaskId=-1 lastParentTaskIdBeforePip=-1 displayCutoutSafeInsets=Rect(0, 110 - 0, 0) topActivityInfo=ActivityInfo{5e23d7f com.funo.app.AvatarPickerActivity} launchCookies=[] positionInParent=Point(0, 0) parentTaskId=-1 isFocused=true isVisible=true isVisibleRequested=true isSleeping=false topActivityInSizeCompat=false topActivityInOplusCompatMode=false topActivityEligibleForLetterboxEducation= false topActivityLetterboxed= false isFromDoubleTap= false topActivityLetterboxVerticalPosition= -1 topActivityLetterboxHorizontalPosition= -1 topActivityLetterboxWidth=-1 topActivityLetterboxHeight=-1 locusId=null displayAreaFeatureId=1 cameraCompatControlState=hidden locusId= null topActivityLetterboxInsets=Rect(0, 0 - 0, 0)} task:Task{658d9c4 #3739 type=standard A=10342:com.funo.app}
12-16 17:55:51.787  2098  2540 D OplusInterceptLockScreenWindow: starting IOplusLockScreenCallbacks service...
12-16 17:55:51.787  3300  3437 D ShellTaskOrganizer: dispatchTaskEventToClientIfNeed, eventType:2, taskInfo:TaskInfo{userId=0 taskId=3739 displayId=0 isRunning=true baseIntent=Intent { act=android.intent.action.MAIN cat=[android.intent.category.LAUNCHER] flg=0x10200000 cmp=com.funo.app/.LoginActivity mCallingUid=10187 } baseActivity=ComponentInfo{com.funo.app/com.funo.app.LoginActivity} topActivity=ComponentInfo{com.funo.app/com.funo.app.AvatarPickerActivity} origActivity=null realActivity=ComponentInfo{com.funo.app/com.funo.app.LoginActivity} numActivities=3 lastActiveTime=1726940465 supportsSplitScreenMultiWindow=true supportsMultiWindow=true supportsPocketStudioMultiWindow=true isInFlexibleEmbedded = false uid = 10342 pid = 0 resizeMode=1 isResizeable=true minWidth=-1 minHeight=-1 defaultMinSize=220 token=WCT{android.window.IWindowContainerToken$Stub$Proxy@6871b05} topActivityType=1 pictureInPictureParams=null shouldDockBigOverlays=false launchIntoPipHostTaskId=-1 lastParentTaskIdBeforePip=-1 displayCutoutSafeInsets=Rect(0, 110 - 0, 0) topActivityInfo=ActivityInfo{ca0375a com.funo.app.AvatarPickerActivity} launchCookies=[] positionInParent=Point(0, 0) parentTaskId=-1 isFocused=true isVisible=true isVisibleRequested=true isSleeping=false topActivityInSizeCompat=false topActivityInOplusCompatMode=false topActivityEligibleForLetterboxEducation= false topActivityLetterboxed= false isFromDoubleTap= false topActivityLetterboxVerticalPosition= -1 topActivityLetterboxHorizontalPosition= -1 topActivityLetterboxWidth=-1 topActivityLetterboxHeight=-1 locusId=null displayAreaFeatureId=1 cameraCompatControlState=hidden locusId= null topActivityLetterboxInsets=Rect(0, 0 - 0, 0)}, leash:null
12-16 17:55:51.787 29001 29001 I Quality : Skipped: false 1 cost 15.395442 refreshRate 8333980 bit true processName com.funo.app
12-16 17:55:51.795  2098  3731 I OplusAccessController: enter isIgnoreAppSwitchActivity
12-16 17:55:51.795  2098  3731 I OplusAccessController: enter isIgnoreAppSwitchActivity and intent != null
12-16 17:55:51.795  2098  3731 I OplusAccessController: enter isIgnoreAppSwitchActivity and componentName != null
12-16 17:55:51.795  2098  3731 I OplusAccessController: enter isIgnoreAppSwitchActivity and packageName&activity is not Empty
12-16 17:55:51.795  2098  3731 I ActivityTaskManager: The Process com.funo.app Already Exists in BG. So sending its PID: 29001
12-16 17:55:51.796  2098  3731 D ActivityTaskManager: setVisibility(Token{c25e6aa ActivityRecord{f4b114c u0 com.funo.app/.AvatarPickerActivity t3739}}, visible=true) defer commitVisibility for transition collecting
12-16 17:55:51.796  2098  3731 D ActivityTaskManager: setVisibility(Token{837df28 ActivityRecord{d500a1a u0 com.funo.app/.SignupActivity t3739}}, visible=false) defer commitVisibility for transition collecting
12-16 17:55:51.797  2098  3731 D WindowManager: updateOrientation: mLastOrientation = SCREEN_ORIENTATION_UNSPECIFIED(-1) newOrientation = SCREEN_ORIENTATION_UNSPECIFIED(-1) forceUpdate = true LastOrientationSource = ActivityRecord{f4b114c u0 com.funo.app/.AvatarPickerActivity t3739}
12-16 17:55:51.797  2098  3731 D WindowManager: rotation(ROTATION_0) no changed.
12-16 17:55:51.797  2098  3731 I TaskOrganizerController: onTaskInfoChanged taskid 3739 config { mBounds=Rect(0, 0 - 1080, 2412) mAppBounds=Rect(0, 110 - 1080, 2364) mMaxBounds=Rect(0, 0 - 1080, 2412) mDisplayRotation=ROTATION_0 mWindowingMode=fullscreen mDisplayWindowingMode=fullscreen mActivityType=standard mAlwaysOnTop=undefined mRotation=ROTATION_0}
12-16 17:55:51.797  2098  3731 D FlexibleWindowManager: onFlexibleWindowTaskInfoChanged: mTaskId = 3739 oldIsTaskEmbedded = false   curIsTaskEmbedded = false  topActivity = ComponentInfo{com.funo.app/com.funo.app.AvatarPickerActivity}
12-16 17:55:51.797  2098  3731 D OplusFlexibleWindowMinimizedManagerHelper: onTaskInfoChanged taskInfo:TaskInfo{userId=0 taskId=3739 displayId=0 isRunning=true baseIntent=Intent { act=android.intent.action.MAIN cat=[android.intent.category.LAUNCHER] flg=0x10200000 cmp=com.funo.app/.LoginActivity mCallingUid=10187 } baseActivity=ComponentInfo{com.funo.app/com.funo.app.LoginActivity} topActivity=ComponentInfo{com.funo.app/com.funo.app.AvatarPickerActivity} origActivity=null realActivity=ComponentInfo{com.funo.app/com.funo.app.LoginActivity} numActivities=3 lastActiveTime=1726940465 supportsSplitScreenMultiWindow=true supportsMultiWindow=true supportsPocketStudioMultiWindow=true isInFlexibleEmbedded = false uid = 10342 pid = 29001 resizeMode=1 isResizeable=true minWidth=-1 minHeight=-1 defaultMinSize=220 token=WCT{RemoteToken{71449c7 Task{658d9c4 #3739 type=standard A=10342:com.funo.app}}} topActivityType=1 pictureInPictureParams=null shouldDockBigOverlays=false launchIntoPipHostTaskId=-1 lastParentTaskIdBeforePip=-1 displayCutoutSafeInsets=Rect(0, 110 - 0, 0) topActivityInfo=ActivityInfo{5e23d7f com.funo.app.AvatarPickerActivity} launchCookies=[] positionInParent=Point(0, 0) parentTaskId=-1 isFocused=true isVisible=true isVisibleRequested=true isSleeping=false topActivityInSizeCompat=false topActivityInOplusCompatMode=false topActivityEligibleForLetterboxEducation= false topActivityLetterboxed= false isFromDoubleTap= false topActivityLetterboxVerticalPosition= -1 topActivityLetterboxHorizontalPosition= -1 topActivityLetterboxWidth=-1 topActivityLetterboxHeight=-1 locusId=null displayAreaFeatureId=1 cameraCompatControlState=hidden locusId= null topActivityLetterboxInsets=Rect(0, 0 - 0, 0)} task:Task{658d9c4 #3739 type=standard A=10342:com.funo.app}
12-16 17:55:51.797  2098  3731 D ActivityTaskManager: setVisibility(Token{c25e6aa ActivityRecord{f4b114c u0 com.funo.app/.AvatarPickerActivity t3739}}, visible=true) defer commitVisibility for transition collecting
12-16 17:55:51.798  2098  3731 D OplusDexOptimizeManager: Do not in AppLaunchOptList!
12-16 17:55:51.798  2098  3731 D OplusCameraStartupOptimization: cameraPreopenIfNeed, r = ActivityRecord{f4b114c u0 com.funo.app/.AvatarPickerActivity t3739}
12-16 17:55:51.798  2098  3731 D OplusCameraStartupOptimization: needOptimizeForCamera bNeedOptimize:false clsName: com.funo.app/.AvatarPickerActivity
