12-15 19:57:18.541 14250 14250 E AndroidRuntime: 	at android.os.Looper.loopOnce(Looper.java:257)
12-15 19:57:18.541 14250 14250 E AndroidRuntime: 	at android.os.Looper.loop(Looper.java:368)
12-15 19:57:18.541 14250 14250 E AndroidRuntime: 	at android.app.ActivityThread.main(ActivityThread.java:8839)
12-15 19:57:18.541 14250 14250 E AndroidRuntime: 	at java.lang.reflect.Method.invoke(Native Method)
12-15 19:57:18.541 14250 14250 E AndroidRuntime: 	at com.android.internal.os.RuntimeInit$MethodAndArgsCaller.run(RuntimeInit.java:572)
12-15 19:57:18.541 14250 14250 E AndroidRuntime: 	at com.android.internal.os.ZygoteInit.main(ZygoteInit.java:1049)
12-15 19:57:18.541 14250 14250 E AndroidRuntime: Caused by: java.lang.ClassNotFoundException: Didn't find class "de.hdodenhof.circleimageview.CircleImageView" on path: DexPathList[[zip file "/data/app/~~ENh37tH2HS5uWVnE04YSPQ==/com.funo.app-2bpv0GZPN_nzdEcLZvTCIQ==/base.apk"],nativeLibraryDirectories=[/data/app/~~ENh37tH2HS5uWVnE04YSPQ==/com.funo.app-2bpv0GZPN_nzdEcLZvTCIQ==/lib/arm64, /system/lib64, /system_ext/lib64]]
12-15 19:57:18.541 14250 14250 E AndroidRuntime: 	at dalvik.system.BaseDexClassLoader.findClass(BaseDexClassLoader.java:259)
12-15 19:57:18.541 14250 14250 E AndroidRuntime: 	at java.lang.ClassLoader.loadClass(ClassLoader.java:379)
12-15 19:57:18.541 14250 14250 E AndroidRuntime: 	at java.lang.ClassLoader.loadClass(ClassLoader.java:312)
12-15 19:57:18.541 14250 14250 E AndroidRuntime: 	... 28 more
12-15 19:57:30.103 16083 16083 E AndroidRuntime: FATAL EXCEPTION: main
12-15 19:57:30.103 16083 16083 E AndroidRuntime: Process: com.funo.app, PID: 16083
12-15 19:57:30.103 16083 16083 E AndroidRuntime: android.view.InflateException: Binary XML file line #23 in com.funo.app:layout/profile_view: Binary XML file line #23 in com.funo.app:layout/profile_view: Error inflating class de.hdodenhof.circleimageview.CircleImageView
12-15 19:57:30.103 16083 16083 E AndroidRuntime: Caused by: android.view.InflateException: Binary XML file line #23 in com.funo.app:layout/profile_view: Error inflating class de.hdodenhof.circleimageview.CircleImageView
12-15 19:57:30.103 16083 16083 E AndroidRuntime: Caused by: java.lang.ClassNotFoundException: de.hdodenhof.circleimageview.CircleImageView
12-15 19:57:30.103 16083 16083 E AndroidRuntime: 	at java.lang.Class.classForName(Native Method)
12-15 19:57:30.103 16083 16083 E AndroidRuntime: 	at java.lang.Class.forName(Class.java:536)
12-15 19:57:30.103 16083 16083 E AndroidRuntime: 	at android.view.LayoutInflater.createView(LayoutInflater.java:838)
12-15 19:57:30.103 16083 16083 E AndroidRuntime: 	at android.view.LayoutInflater.createViewFromTag(LayoutInflater.java:1029)
12-15 19:57:30.103 16083 16083 E AndroidRuntime: 	at android.view.LayoutInflater.createViewFromTag(LayoutInflater.java:984)
12-15 19:57:30.103 16083 16083 E AndroidRuntime: 	at android.view.LayoutInflater.rInflate(LayoutInflater.java:1146)
12-15 19:57:30.103 16083 16083 E AndroidRuntime: 	at android.view.LayoutInflater.rInflateChildren(LayoutInflater.java:1107)
12-15 19:57:30.103 16083 16083 E AndroidRuntime: 	at android.view.LayoutInflater.inflate(LayoutInflater.java:703)
12-15 19:57:30.103 16083 16083 E AndroidRuntime: 	at android.view.LayoutInflater.inflate(LayoutInflater.java:544)
12-15 19:57:30.103 16083 16083 E AndroidRuntime: 	at android.view.LayoutInflater.inflate(LayoutInflater.java:491)
12-15 19:57:30.103 16083 16083 E AndroidRuntime: 	at com.android.internal.policy.PhoneWindow.setContentView(PhoneWindow.java:494)
12-15 19:57:30.103 16083 16083 E AndroidRuntime: 	at android.app.Dialog.setContentView(Dialog.java:621)
12-15 19:57:30.103 16083 16083 E AndroidRuntime: 	at com.funo.app.RandomRoomActivity.showProfileDialog(RandomRoomActivity.java:150)
12-15 19:57:30.103 16083 16083 E AndroidRuntime: 	at com.funo.app.RandomRoomActivity.lambda$setupListeners$4(RandomRoomActivity.java:127)
12-15 19:57:30.103 16083 16083 E AndroidRuntime: 	at com.funo.app.RandomRoomActivity.$r8$lambda$SmMrqP_i6v3YWfMFbnK5PWRWrUk(Unknown Source:0)
12-15 19:57:30.103 16083 16083 E AndroidRuntime: 	at com.funo.app.RandomRoomActivity$$ExternalSyntheticLambda4.onClick(Unknown Source:2)
12-15 19:57:30.103 16083 16083 E AndroidRuntime: 	at android.view.View.performClick(View.java:7740)
12-15 19:57:30.103 16083 16083 E AndroidRuntime: 	at android.view.View.performClickInternal(View.java:7710)
12-15 19:57:30.103 16083 16083 E AndroidRuntime: 	at android.view.View.-$$Nest$mperformClickInternal(Unknown Source:0)
12-15 19:57:30.103 16083 16083 E AndroidRuntime: 	at android.view.View$PerformClick.run(View.java:30629)
12-15 19:57:30.103 16083 16083 E AndroidRuntime: 	at android.os.Handler.handleCallback(Handler.java:958)
12-15 19:57:30.103 16083 16083 E AndroidRuntime: 	at android.os.Handler.dispatchMessage(Handler.java:99)
12-15 19:57:30.103 16083 16083 E AndroidRuntime: 	at android.os.Looper.loopOnce(Looper.java:257)
12-15 19:57:30.103 16083 16083 E AndroidRuntime: 	at android.os.Looper.loop(Looper.java:368)
12-15 19:57:30.103 16083 16083 E AndroidRuntime: 	at android.app.ActivityThread.main(ActivityThread.java:8839)
12-15 19:57:30.103 16083 16083 E AndroidRuntime: 	at java.lang.reflect.Method.invoke(Native Method)
12-15 19:57:30.103 16083 16083 E AndroidRuntime: 	at com.android.internal.os.RuntimeInit$MethodAndArgsCaller.run(RuntimeInit.java:572)
12-15 19:57:30.103 16083 16083 E AndroidRuntime: 	at com.android.internal.os.ZygoteInit.main(ZygoteInit.java:1049)
12-15 19:57:30.103 16083 16083 E AndroidRuntime: Caused by: java.lang.ClassNotFoundException: Didn't find class "de.hdodenhof.circleimageview.CircleImageView" on path: DexPathList[[zip file "/data/app/~~ENh37tH2HS5uWVnE04YSPQ==/com.funo.app-2bpv0GZPN_nzdEcLZvTCIQ==/base.apk"],nativeLibraryDirectories=[/data/app/~~ENh37tH2HS5uWVnE04YSPQ==/com.funo.app-2bpv0GZPN_nzdEcLZvTCIQ==/lib/arm64, /system/lib64, /system_ext/lib64]]
12-15 19:57:30.103 16083 16083 E AndroidRuntime: 	at dalvik.system.BaseDexClassLoader.findClass(BaseDexClassLoader.java:259)
12-15 19:57:30.103 16083 16083 E AndroidRuntime: 	at java.lang.ClassLoader.loadClass(ClassLoader.java:379)
12-15 19:57:30.103 16083 16083 E AndroidRuntime: 	at java.lang.ClassLoader.loadClass(ClassLoader.java:312)
12-15 19:57:30.103 16083 16083 E AndroidRuntime: 	... 28 more
12-15 19:57:42.019 16767 16767 E AndroidRuntime: FATAL EXCEPTION: main
12-15 19:57:42.019 16767 16767 E AndroidRuntime: Process: com.funo.app, PID: 16767
12-15 19:57:42.019 16767 16767 E AndroidRuntime: android.view.InflateException: Binary XML file line #23 in com.funo.app:layout/profile_view: Binary XML file line #23 in com.funo.app:layout/profile_view: Error inflating class de.hdodenhof.circleimageview.CircleImageView
12-15 19:57:42.019 16767 16767 E AndroidRuntime: Caused by: android.view.InflateException: Binary XML file line #23 in com.funo.app:layout/profile_view: Error inflating class de.hdodenhof.circleimageview.CircleImageView
12-15 19:57:42.019 16767 16767 E AndroidRuntime: Caused by: java.lang.ClassNotFoundException: de.hdodenhof.circleimageview.CircleImageView
12-15 19:57:42.019 16767 16767 E AndroidRuntime: 	at java.lang.Class.classForName(Native Method)
12-15 19:57:42.019 16767 16767 E AndroidRuntime: 	at java.lang.Class.forName(Class.java:536)
12-15 19:57:42.019 16767 16767 E AndroidRuntime: 	at android.view.LayoutInflater.createView(LayoutInflater.java:838)
12-15 19:57:42.019 16767 16767 E AndroidRuntime: 	at android.view.LayoutInflater.createViewFromTag(LayoutInflater.java:1029)
12-15 19:57:42.019 16767 16767 E AndroidRuntime: 	at android.view.LayoutInflater.createViewFromTag(LayoutInflater.java:984)
12-15 19:57:42.019 16767 16767 E AndroidRuntime: 	at android.view.LayoutInflater.rInflate(LayoutInflater.java:1146)
12-15 19:57:42.019 16767 16767 E AndroidRuntime: 	at android.view.LayoutInflater.rInflateChildren(LayoutInflater.java:1107)
12-15 19:57:42.019 16767 16767 E AndroidRuntime: 	at android.view.LayoutInflater.inflate(LayoutInflater.java:703)
12-15 19:57:42.019 16767 16767 E AndroidRuntime: 	at android.view.LayoutInflater.inflate(LayoutInflater.java:544)
12-15 19:57:42.019 16767 16767 E AndroidRuntime: 	at android.view.LayoutInflater.inflate(LayoutInflater.java:491)
12-15 19:57:42.019 16767 16767 E AndroidRuntime: 	at com.android.internal.policy.PhoneWindow.setContentView(PhoneWindow.java:494)
12-15 19:57:42.019 16767 16767 E AndroidRuntime: 	at android.app.Dialog.setContentView(Dialog.java:621)
12-15 19:57:42.019 16767 16767 E AndroidRuntime: 	at com.funo.app.RandomRoomActivity.showProfileDialog(RandomRoomActivity.java:150)
12-15 19:57:42.019 16767 16767 E AndroidRuntime: 	at com.funo.app.RandomRoomActivity.lambda$setupListeners$4(RandomRoomActivity.java:127)
12-15 19:57:42.019 16767 16767 E AndroidRuntime: 	at com.funo.app.RandomRoomActivity.$r8$lambda$SmMrqP_i6v3YWfMFbnK5PWRWrUk(Unknown Source:0)
12-15 19:57:42.019 16767 16767 E AndroidRuntime: 	at com.funo.app.RandomRoomActivity$$ExternalSyntheticLambda4.onClick(Unknown Source:2)
12-15 19:57:42.019 16767 16767 E AndroidRuntime: 	at android.view.View.performClick(View.java:7740)
12-15 19:57:42.019 16767 16767 E AndroidRuntime: 	at android.view.View.performClickInternal(View.java:7710)
12-15 19:57:42.019 16767 16767 E AndroidRuntime: 	at android.view.View.-$$Nest$mperformClickInternal(Unknown Source:0)
12-15 19:57:42.019 16767 16767 E AndroidRuntime: 	at android.view.View$PerformClick.run(View.java:30629)
12-15 19:57:42.019 16767 16767 E AndroidRuntime: 	at android.os.Handler.handleCallback(Handler.java:958)
12-15 19:57:42.019 16767 16767 E AndroidRuntime: 	at android.os.Handler.dispatchMessage(Handler.java:99)
12-15 19:57:42.019 16767 16767 E AndroidRuntime: 	at android.os.Looper.loopOnce(Looper.java:257)
12-15 19:57:42.019 16767 16767 E AndroidRuntime: 	at android.os.Looper.loop(Looper.java:368)
12-15 19:57:42.019 16767 16767 E AndroidRuntime: 	at android.app.ActivityThread.main(ActivityThread.java:8839)
12-15 19:57:42.019 16767 16767 E AndroidRuntime: 	at java.lang.reflect.Method.invoke(Native Method)
12-15 19:57:42.019 16767 16767 E AndroidRuntime: 	at com.android.internal.os.RuntimeInit$MethodAndArgsCaller.run(RuntimeInit.java:572)
12-15 19:57:42.019 16767 16767 E AndroidRuntime: 	at com.android.internal.os.ZygoteInit.main(ZygoteInit.java:1049)
12-15 19:57:42.019 16767 16767 E AndroidRuntime: Caused by: java.lang.ClassNotFoundException: Didn't find class "de.hdodenhof.circleimageview.CircleImageView" on path: DexPathList[[zip file "/data/app/~~ENh37tH2HS5uWVnE04YSPQ==/com.funo.app-2bpv0GZPN_nzdEcLZvTCIQ==/base.apk"],nativeLibraryDirectories=[/data/app/~~ENh37tH2HS5uWVnE04YSPQ==/com.funo.app-2bpv0GZPN_nzdEcLZvTCIQ==/lib/arm64, /system/lib64, /system_ext/lib64]]
12-15 19:57:42.019 16767 16767 E AndroidRuntime: 	at dalvik.system.BaseDexClassLoader.findClass(BaseDexClassLoader.java:259)
12-15 19:57:42.019 16767 16767 E AndroidRuntime: 	at java.lang.ClassLoader.loadClass(ClassLoader.java:379)
12-15 19:57:42.019 16767 16767 E AndroidRuntime: 	at java.lang.ClassLoader.loadClass(ClassLoader.java:312)
12-15 19:57:42.019 16767 16767 E AndroidRuntime: 	... 28 more
12-15 19:59:43.360 21516 21516 E AndroidRuntime: FATAL EXCEPTION: main
12-15 19:59:43.360 21516 21516 E AndroidRuntime: Process: com.funo.app, PID: 21516
12-15 19:59:43.360 21516 21516 E AndroidRuntime: android.view.InflateException: Binary XML file line #23 in com.funo.app:layout/profile_view: Binary XML file line #23 in com.funo.app:layout/profile_view: Error inflating class de.hdodenhof.circleimageview.CircleImageView
12-15 19:59:43.360 21516 21516 E AndroidRuntime: Caused by: android.view.InflateException: Binary XML file line #23 in com.funo.app:layout/profile_view: Error inflating class de.hdodenhof.circleimageview.CircleImageView
12-15 19:59:43.360 21516 21516 E AndroidRuntime: Caused by: java.lang.ClassNotFoundException: de.hdodenhof.circleimageview.CircleImageView
12-15 19:59:43.360 21516 21516 E AndroidRuntime: 	at java.lang.Class.classForName(Native Method)
12-15 19:59:43.360 21516 21516 E AndroidRuntime: 	at java.lang.Class.forName(Class.java:536)
12-15 19:59:43.360 21516 21516 E AndroidRuntime: 	at android.view.LayoutInflater.createView(LayoutInflater.java:838)
12-15 19:59:43.360 21516 21516 E AndroidRuntime: 	at android.view.LayoutInflater.createViewFromTag(LayoutInflater.java:1029)
12-15 19:59:43.360 21516 21516 E AndroidRuntime: 	at android.view.LayoutInflater.createViewFromTag(LayoutInflater.java:984)
12-15 19:59:43.360 21516 21516 E AndroidRuntime: 	at android.view.LayoutInflater.rInflate(LayoutInflater.java:1146)
12-15 19:59:43.360 21516 21516 E AndroidRuntime: 	at android.view.LayoutInflater.rInflateChildren(LayoutInflater.java:1107)
12-15 19:59:43.360 21516 21516 E AndroidRuntime: 	at android.view.LayoutInflater.inflate(LayoutInflater.java:703)
12-15 19:59:43.360 21516 21516 E AndroidRuntime: 	at android.view.LayoutInflater.inflate(LayoutInflater.java:544)
12-15 19:59:43.360 21516 21516 E AndroidRuntime: 	at android.view.LayoutInflater.inflate(LayoutInflater.java:491)
12-15 19:59:43.360 21516 21516 E AndroidRuntime: 	at com.android.internal.policy.PhoneWindow.setContentView(PhoneWindow.java:494)
12-15 19:59:43.360 21516 21516 E AndroidRuntime: 	at android.app.Dialog.setContentView(Dialog.java:621)
12-15 19:59:43.360 21516 21516 E AndroidRuntime: 	at com.funo.app.RandomRoomActivity.showProfileDialog(RandomRoomActivity.java:150)
12-15 19:59:43.360 21516 21516 E AndroidRuntime: 	at com.funo.app.RandomRoomActivity.lambda$setupListeners$4(RandomRoomActivity.java:127)
12-15 19:59:43.360 21516 21516 E AndroidRuntime: 	at com.funo.app.RandomRoomActivity.$r8$lambda$SmMrqP_i6v3YWfMFbnK5PWRWrUk(Unknown Source:0)
12-15 19:59:43.360 21516 21516 E AndroidRuntime: 	at com.funo.app.RandomRoomActivity$$ExternalSyntheticLambda4.onClick(Unknown Source:2)
12-15 19:59:43.360 21516 21516 E AndroidRuntime: 	at android.view.View.performClick(View.java:7740)
12-15 19:59:43.360 21516 21516 E AndroidRuntime: 	at android.view.View.performClickInternal(View.java:7710)
12-15 19:59:43.360 21516 21516 E AndroidRuntime: 	at android.view.View.-$$Nest$mperformClickInternal(Unknown Source:0)
12-15 19:59:43.360 21516 21516 E AndroidRuntime: 	at android.view.View$PerformClick.run(View.java:30629)
12-15 19:59:43.360 21516 21516 E AndroidRuntime: 	at android.os.Handler.handleCallback(Handler.java:958)
12-15 19:59:43.360 21516 21516 E AndroidRuntime: 	at android.os.Handler.dispatchMessage(Handler.java:99)
12-15 19:59:43.360 21516 21516 E AndroidRuntime: 	at android.os.Looper.loopOnce(Looper.java:257)
12-15 19:59:43.360 21516 21516 E AndroidRuntime: 	at android.os.Looper.loop(Looper.java:368)
12-15 19:59:43.360 21516 21516 E AndroidRuntime: 	at android.app.ActivityThread.main(ActivityThread.java:8839)
12-15 19:59:43.360 21516 21516 E AndroidRuntime: 	at java.lang.reflect.Method.invoke(Native Method)
12-15 19:59:43.360 21516 21516 E AndroidRuntime: 	at com.android.internal.os.RuntimeInit$MethodAndArgsCaller.run(RuntimeInit.java:572)
12-15 19:59:43.360 21516 21516 E AndroidRuntime: 	at com.android.internal.os.ZygoteInit.main(ZygoteInit.java:1049)
12-15 19:59:43.360 21516 21516 E AndroidRuntime: Caused by: java.lang.ClassNotFoundException: Didn't find class "de.hdodenhof.circleimageview.CircleImageView" on path: DexPathList[[zip file "/data/app/~~ENh37tH2HS5uWVnE04YSPQ==/com.funo.app-2bpv0GZPN_nzdEcLZvTCIQ==/base.apk"],nativeLibraryDirectories=[/data/app/~~ENh37tH2HS5uWVnE04YSPQ==/com.funo.app-2bpv0GZPN_nzdEcLZvTCIQ==/lib/arm64, /system/lib64, /system_ext/lib64]]
12-15 19:59:43.360 21516 21516 E AndroidRuntime: 	at dalvik.system.BaseDexClassLoader.findClass(BaseDexClassLoader.java:259)
12-15 19:59:43.360 21516 21516 E AndroidRuntime: 	at java.lang.ClassLoader.loadClass(ClassLoader.java:379)
12-15 19:59:43.360 21516 21516 E AndroidRuntime: 	at java.lang.ClassLoader.loadClass(ClassLoader.java:312)
12-15 19:59:43.360 21516 21516 E AndroidRuntime: 	... 28 more
12-15 20:13:20.591 30753 30753 E AndroidRuntime: FATAL EXCEPTION: main
12-15 20:13:20.591 30753 30753 E AndroidRuntime: Process: com.funo.app, PID: 30753
12-15 20:13:20.591 30753 30753 E AndroidRuntime: android.view.InflateException: Binary XML file line #23 in com.funo.app:layout/profile_view: Binary XML file line #23 in com.funo.app:layout/profile_view: Error inflating class de.hdodenhof.circleimageview.CircleImageView
12-15 20:13:20.591 30753 30753 E AndroidRuntime: Caused by: android.view.InflateException: Binary XML file line #23 in com.funo.app:layout/profile_view: Error inflating class de.hdodenhof.circleimageview.CircleImageView
12-15 20:13:20.591 30753 30753 E AndroidRuntime: Caused by: java.lang.ClassNotFoundException: de.hdodenhof.circleimageview.CircleImageView
12-15 20:13:20.591 30753 30753 E AndroidRuntime: 	at java.lang.Class.classForName(Native Method)
12-15 20:13:20.591 30753 30753 E AndroidRuntime: 	at java.lang.Class.forName(Class.java:536)
12-15 20:13:20.591 30753 30753 E AndroidRuntime: 	at android.view.LayoutInflater.createView(LayoutInflater.java:838)
12-15 20:13:20.591 30753 30753 E AndroidRuntime: 	at android.view.LayoutInflater.createViewFromTag(LayoutInflater.java:1029)
12-15 20:13:20.591 30753 30753 E AndroidRuntime: 	at android.view.LayoutInflater.createViewFromTag(LayoutInflater.java:984)
12-15 20:13:20.591 30753 30753 E AndroidRuntime: 	at android.view.LayoutInflater.rInflate(LayoutInflater.java:1146)
12-15 20:13:20.591 30753 30753 E AndroidRuntime: 	at android.view.LayoutInflater.rInflateChildren(LayoutInflater.java:1107)
12-15 20:13:20.591 30753 30753 E AndroidRuntime: 	at android.view.LayoutInflater.inflate(LayoutInflater.java:703)
12-15 20:13:20.591 30753 30753 E AndroidRuntime: 	at android.view.LayoutInflater.inflate(LayoutInflater.java:544)
12-15 20:13:20.591 30753 30753 E AndroidRuntime: 	at android.view.LayoutInflater.inflate(LayoutInflater.java:491)
12-15 20:13:20.591 30753 30753 E AndroidRuntime: 	at com.android.internal.policy.PhoneWindow.setContentView(PhoneWindow.java:494)
12-15 20:13:20.591 30753 30753 E AndroidRuntime: 	at android.app.Dialog.setContentView(Dialog.java:621)
12-15 20:13:20.591 30753 30753 E AndroidRuntime: 	at com.funo.app.RandomRoomActivity.showProfileDialog(RandomRoomActivity.java:150)
12-15 20:13:20.591 30753 30753 E AndroidRuntime: 	at com.funo.app.RandomRoomActivity.lambda$setupListeners$4(RandomRoomActivity.java:127)
12-15 20:13:20.591 30753 30753 E AndroidRuntime: 	at com.funo.app.RandomRoomActivity.$r8$lambda$SmMrqP_i6v3YWfMFbnK5PWRWrUk(Unknown Source:0)
12-15 20:13:20.591 30753 30753 E AndroidRuntime: 	at com.funo.app.RandomRoomActivity$$ExternalSyntheticLambda4.onClick(Unknown Source:2)
12-15 20:13:20.591 30753 30753 E AndroidRuntime: 	at android.view.View.performClick(View.java:7740)
12-15 20:13:20.591 30753 30753 E AndroidRuntime: 	at android.view.View.performClickInternal(View.java:7710)
12-15 20:13:20.591 30753 30753 E AndroidRuntime: 	at android.view.View.-$$Nest$mperformClickInternal(Unknown Source:0)
12-15 20:13:20.591 30753 30753 E AndroidRuntime: 	at android.view.View$PerformClick.run(View.java:30629)
12-15 20:13:20.591 30753 30753 E AndroidRuntime: 	at android.os.Handler.handleCallback(Handler.java:958)
12-15 20:13:20.591 30753 30753 E AndroidRuntime: 	at android.os.Handler.dispatchMessage(Handler.java:99)
12-15 20:13:20.591 30753 30753 E AndroidRuntime: 	at android.os.Looper.loopOnce(Looper.java:257)
12-15 20:13:20.591 30753 30753 E AndroidRuntime: 	at android.os.Looper.loop(Looper.java:368)
12-15 20:13:20.591 30753 30753 E AndroidRuntime: 	at android.app.ActivityThread.main(ActivityThread.java:8839)
12-15 20:13:20.591 30753 30753 E AndroidRuntime: 	at java.lang.reflect.Method.invoke(Native Method)
12-15 20:13:20.591 30753 30753 E AndroidRuntime: 	at com.android.internal.os.RuntimeInit$MethodAndArgsCaller.run(RuntimeInit.java:572)
12-15 20:13:20.591 30753 30753 E AndroidRuntime: 	at com.android.internal.os.ZygoteInit.main(ZygoteInit.java:1049)
12-15 20:13:20.591 30753 30753 E AndroidRuntime: Caused by: java.lang.ClassNotFoundException: Didn't find class "de.hdodenhof.circleimageview.CircleImageView" on path: DexPathList[[zip file "/data/app/~~7n4o91rwwqTdDqJYDVtBBA==/com.funo.app-Yr2jYHRPkO1LmH9a2fLXkQ==/base.apk"],nativeLibraryDirectories=[/data/app/~~7n4o91rwwqTdDqJYDVtBBA==/com.funo.app-Yr2jYHRPkO1LmH9a2fLXkQ==/lib/arm64, /system/lib64, /system_ext/lib64]]
12-15 20:13:20.591 30753 30753 E AndroidRuntime: 	at dalvik.system.BaseDexClassLoader.findClass(BaseDexClassLoader.java:259)
12-15 20:13:20.591 30753 30753 E AndroidRuntime: 	at java.lang.ClassLoader.loadClass(ClassLoader.java:379)
12-15 20:13:20.591 30753 30753 E AndroidRuntime: 	at java.lang.ClassLoader.loadClass(ClassLoader.java:312)
12-15 20:13:20.591 30753 30753 E AndroidRuntime: 	... 28 more
12-16 17:33:28.146  3501  3501 E AndroidRuntime: FATAL EXCEPTION: main
12-16 17:33:28.146  3501  3501 E AndroidRuntime: Process: com.funo.app, PID: 3501
12-16 17:33:28.146  3501  3501 E AndroidRuntime: android.view.InflateException: Binary XML file line #23 in com.funo.app:layout/profile_view: Binary XML file line #23 in com.funo.app:layout/profile_view: Error inflating class de.hdodenhof.circleimageview.CircleImageView
12-16 17:33:28.146  3501  3501 E AndroidRuntime: Caused by: android.view.InflateException: Binary XML file line #23 in com.funo.app:layout/profile_view: Error inflating class de.hdodenhof.circleimageview.CircleImageView
12-16 17:33:28.146  3501  3501 E AndroidRuntime: Caused by: java.lang.ClassNotFoundException: de.hdodenhof.circleimageview.CircleImageView
12-16 17:33:28.146  3501  3501 E AndroidRuntime: 	at java.lang.Class.classForName(Native Method)
12-16 17:33:28.146  3501  3501 E AndroidRuntime: 	at java.lang.Class.forName(Class.java:536)
12-16 17:33:28.146  3501  3501 E AndroidRuntime: 	at android.view.LayoutInflater.createView(LayoutInflater.java:838)
12-16 17:33:28.146  3501  3501 E AndroidRuntime: 	at android.view.LayoutInflater.createViewFromTag(LayoutInflater.java:1029)
12-16 17:33:28.146  3501  3501 E AndroidRuntime: 	at android.view.LayoutInflater.createViewFromTag(LayoutInflater.java:984)
12-16 17:33:28.146  3501  3501 E AndroidRuntime: 	at android.view.LayoutInflater.rInflate(LayoutInflater.java:1146)
12-16 17:33:28.146  3501  3501 E AndroidRuntime: 	at android.view.LayoutInflater.rInflateChildren(LayoutInflater.java:1107)
12-16 17:33:28.146  3501  3501 E AndroidRuntime: 	at android.view.LayoutInflater.inflate(LayoutInflater.java:703)
12-16 17:33:28.146  3501  3501 E AndroidRuntime: 	at android.view.LayoutInflater.inflate(LayoutInflater.java:544)
12-16 17:33:28.146  3501  3501 E AndroidRuntime: 	at android.view.LayoutInflater.inflate(LayoutInflater.java:491)
12-16 17:33:28.146  3501  3501 E AndroidRuntime: 	at com.android.internal.policy.PhoneWindow.setContentView(PhoneWindow.java:494)
12-16 17:33:28.146  3501  3501 E AndroidRuntime: 	at android.app.Dialog.setContentView(Dialog.java:621)
12-16 17:33:28.146  3501  3501 E AndroidRuntime: 	at com.funo.app.RandomRoomActivity.showProfileDialog(RandomRoomActivity.java:194)
12-16 17:33:28.146  3501  3501 E AndroidRuntime: 	at com.funo.app.RandomRoomActivity.lambda$setupListeners$4(RandomRoomActivity.java:171)
12-16 17:33:28.146  3501  3501 E AndroidRuntime: 	at com.funo.app.RandomRoomActivity.$r8$lambda$SmMrqP_i6v3YWfMFbnK5PWRWrUk(Unknown Source:0)
12-16 17:33:28.146  3501  3501 E AndroidRuntime: 	at com.funo.app.RandomRoomActivity$$ExternalSyntheticLambda4.onClick(Unknown Source:2)
12-16 17:33:28.146  3501  3501 E AndroidRuntime: 	at android.view.View.performClick(View.java:7740)
12-16 17:33:28.146  3501  3501 E AndroidRuntime: 	at android.view.View.performClickInternal(View.java:7710)
12-16 17:33:28.146  3501  3501 E AndroidRuntime: 	at android.view.View.-$$Nest$mperformClickInternal(Unknown Source:0)
12-16 17:33:28.146  3501  3501 E AndroidRuntime: 	at android.view.View$PerformClick.run(View.java:30629)
12-16 17:33:28.146  3501  3501 E AndroidRuntime: 	at android.os.Handler.handleCallback(Handler.java:958)
12-16 17:33:28.146  3501  3501 E AndroidRuntime: 	at android.os.Handler.dispatchMessage(Handler.java:99)
12-16 17:33:28.146  3501  3501 E AndroidRuntime: 	at android.os.Looper.loopOnce(Looper.java:257)
12-16 17:33:28.146  3501  3501 E AndroidRuntime: 	at android.os.Looper.loop(Looper.java:368)
12-16 17:33:28.146  3501  3501 E AndroidRuntime: 	at android.app.ActivityThread.main(ActivityThread.java:8839)
12-16 17:33:28.146  3501  3501 E AndroidRuntime: 	at java.lang.reflect.Method.invoke(Native Method)
12-16 17:33:28.146  3501  3501 E AndroidRuntime: 	at com.android.internal.os.RuntimeInit$MethodAndArgsCaller.run(RuntimeInit.java:572)
12-16 17:33:28.146  3501  3501 E AndroidRuntime: 	at com.android.internal.os.ZygoteInit.main(ZygoteInit.java:1049)
12-16 17:33:28.146  3501  3501 E AndroidRuntime: Caused by: java.lang.ClassNotFoundException: Didn't find class "de.hdodenhof.circleimageview.CircleImageView" on path: DexPathList[[zip file "/data/app/~~ydh6hByvvyQkMesefdEc9Q==/com.funo.app-z-SqoVwdpYXBdR62n4usBA==/base.apk"],nativeLibraryDirectories=[/data/app/~~ydh6hByvvyQkMesefdEc9Q==/com.funo.app-z-SqoVwdpYXBdR62n4usBA==/lib/arm64, /system/lib64, /system_ext/lib64]]
12-16 17:33:28.146  3501  3501 E AndroidRuntime: 	at dalvik.system.BaseDexClassLoader.findClass(BaseDexClassLoader.java:259)
12-16 17:33:28.146  3501  3501 E AndroidRuntime: 	at java.lang.ClassLoader.loadClass(ClassLoader.java:379)
12-16 17:33:28.146  3501  3501 E AndroidRuntime: 	at java.lang.ClassLoader.loadClass(ClassLoader.java:312)
12-16 17:33:28.146  3501  3501 E AndroidRuntime: 	... 28 more
--------- beginning of system
12-16 17:55:45.354  2098  3637 D OplusTransitionController: finishTransition, transition: TransitionRecord{4498f56 id=21428 type=CLOSE flags=0x0}
12-16 17:55:45.355  2098  3637 D OplusTransitionAnimationManager: commitVisibilityWhenFinishTransition type=2, ar.isVisibleRequested=false, ar.isVisible=false, ar.isVisibleRequested=false, ar=ActivityRecord{db5c91e u0 android/.accounts.ChooseTypeAndAccountActivity t3739 f}} ar type 1 ar state :FINISHING displayid :0, participants={ActivityRecord{db5c91e u0 android/.accounts.ChooseTypeAndAccountActivity t3739 f}}}
12-16 17:55:45.355  2098  3637 D TransitionController: NFW_send RECOMPUTE_FOCUS in finishTransition
12-16 17:55:45.356  3300  3437 D ShellTaskOrganizer: onTransitionFinish, isRecent:false
12-16 17:55:45.356  3300  3437 V WindowManagerShell: Track 0 became idle
12-16 17:55:45.356  3300  3437 V WindowManagerShell:  animated by com.android.wm.shell.transition.DefaultTransitionHandler@e3246c8
12-16 17:55:45.356  3300  3437 V WindowManagerShell: Track 0 became idle
12-16 17:55:45.360  2098  2542 D SurfaceAnimationRunner: onAnimationStart:Surface(name=Surface(name=869f31b android/android.accounts.ChooseTypeAndAccountActivity)/@0x4c3543a - animation-leash of window_animation)/@0x9588648
12-16 17:55:45.362  2098  3721 V WindowManager: Relayout Window{869f31b u0 android/android.accounts.ChooseTypeAndAccountActivity}: viewVisibility=8, oldvis=0, req=960x1017, vsysui=
12-16 17:55:45.363 29001 29001 D ActivityThread: ComponentInfo{com.funo.app/com.funo.app.SignupActivity} checkFinished=false 4
12-16 17:55:45.363 29001 29001 D ResourcesManagerExtImpl: applyConfigurationToAppResourcesLocked app.getDisplayId() return callback.displayId:-1
12-16 17:55:45.367 29001 29001 I Quality : Skipped: false 0 cost 3.918802 refreshRate 8332999 bit true processName com.funo.app
12-16 17:55:45.375  2098  3721 D CoreBackPreview: Window{869f31b u0 android/android.accounts.ChooseTypeAndAccountActivity EXITING}: Setting back callback null
12-16 17:55:45.384  2098  3731 D InputMethodManagerService: isSecurity: attribute.packageName = com.funo.app mCurMethodId = com.google.android.inputmethod.latin/com.android.inputmethod.latin.LatinIME isSecurity = false ( enable = false needShow = false inBlackList = false isExist = true )
12-16 17:55:45.389  2098  3721 D ActivityTaskManager: removeAppToken: ActivityRecord{db5c91e u0 android/.accounts.ChooseTypeAndAccountActivity t3739 f}} delayed=true parent=Task{658d9c4 #3739 type=standard A=10342:com.funo.app} animating=false Callers=com.android.server.wm.DisplayContent.removeAppToken:1669 com.android.server.wm.ActivityRecord.removeFromHistory:4634 com.android.server.wm.ActivityRecord.destroyed:4727 com.android.server.wm.ActivityClientController.activityDestroyed:333 
12-16 17:55:45.390  2098  3724 V AutofillInlineSuggestionsRequestSession: onInputMethodFinishInput() received
12-16 17:55:45.392  2098  3697 V AutofillInlineSuggestionsRequestSession: onInputMethodStartInput() received on 0
12-16 17:55:45.395  2098  3697 W PackageConfigPersister: App-specific configuration not found for packageName: com.funo.app and userId: 0
12-16 17:55:45.400  2098  2541 D ActivityTaskManager: removeAppToken: ActivityRecord{db5c91e u0 android/.accounts.ChooseTypeAndAccountActivity t3739 f}} delayed=true parent=Task{658d9c4 #3739 type=standard A=10342:com.funo.app} animating=false Callers=com.android.server.wm.ActivityRecord.removeImmediately:4979 com.android.server.wm.ActivityRecord.removeIfPossible:5003 com.android.server.wm.ActivityRecord.handleCompleteDeferredRemoval:5009 com.android.server.wm.WindowContainer.handleCompleteDeferredRemoval:1483 
12-16 17:55:45.400  2098  2541 I WindowManager: Window{869f31b u0 android/android.accounts.ChooseTypeAndAccountActivity EXITING} state from HAS_DRAWN to NO_SURFACE; reason: destroySurface
12-16 17:55:45.401  2098  2541 D SurfaceAnimationRunner: onAnimationCancelled:Surface(name=Surface(name=869f31b android/android.accounts.ChooseTypeAndAccountActivity)/@0x4c3543a - animation-leash of window_animation)/@0x9588648 com.android.server.wm.LocalAnimationAdapter.onAnimationCancelled:72 com.android.server.wm.SurfaceAnimator.cancelAnimation:455 com.android.server.wm.SurfaceAnimator.cancelAnimation:342 com.android.server.wm.WindowContainer.setParent:607 com.android.server.wm.WindowContainer.removeChild:826 
12-16 17:55:45.401  2098  2542 D SurfaceAnimationRunner: onAnimationEnd:Surface(name=Surface(name=869f31b android/android.accounts.ChooseTypeAndAccountActivity)/@0x4c3543a - animation-leash of window_animation)/@0x9588648
12-16 17:55:45.403  2098  2541 D TaskFragmentExtImpl: remove ActivityRecord{db5c91e u0 android/.accounts.ChooseTypeAndAccountActivity t-1 f} isExiting} to mActivityRecordSum = Counter{ com.funo.app/.LoginActivity(1) com.funo.app/.SignupActivity(1) }
12-16 17:55:45.404  2098  2541 I TaskOrganizerController: onTaskInfoChanged taskid 3739 config { mBounds=Rect(0, 0 - 1080, 2412) mAppBounds=Rect(0, 110 - 1080, 2364) mMaxBounds=Rect(0, 0 - 1080, 2412) mDisplayRotation=ROTATION_0 mWindowingMode=fullscreen mDisplayWindowingMode=fullscreen mActivityType=standard mAlwaysOnTop=undefined mRotation=ROTATION_0}
12-16 17:55:45.405  2098  2541 D FlexibleWindowManager: onFlexibleWindowTaskInfoChanged: mTaskId = 3739 oldIsTaskEmbedded = false   curIsTaskEmbedded = false  topActivity = ComponentInfo{com.funo.app/com.funo.app.SignupActivity}
12-16 17:55:45.405  2098  2541 D OplusFlexibleWindowMinimizedManagerHelper: onTaskInfoChanged taskInfo:TaskInfo{userId=0 taskId=3739 displayId=0 isRunning=true baseIntent=Intent { act=android.intent.action.MAIN cat=[android.intent.category.LAUNCHER] flg=0x10200000 cmp=com.funo.app/.LoginActivity mCallingUid=10187 } baseActivity=ComponentInfo{com.funo.app/com.funo.app.LoginActivity} topActivity=ComponentInfo{com.funo.app/com.funo.app.SignupActivity} origActivity=null realActivity=ComponentInfo{com.funo.app/com.funo.app.LoginActivity} numActivities=2 lastActiveTime=1726933990 supportsSplitScreenMultiWindow=true supportsMultiWindow=true supportsPocketStudioMultiWindow=true isInFlexibleEmbedded = false uid = 10342 pid = 29001 resizeMode=1 isResizeable=true minWidth=-1 minHeight=-1 defaultMinSize=220 token=WCT{RemoteToken{71449c7 Task{658d9c4 #3739 type=standard A=10342:com.funo.app}}} topActivityType=1 pictureInPictureParams=null shouldDockBigOverlays=false launchIntoPipHostTaskId=-1 lastParentTaskIdBeforePip=-1 displayCutoutSafeInsets=Rect(0, 110 - 0, 0) topActivityInfo=ActivityInfo{f1b80c5 com.funo.app.SignupActivity} launchCookies=[] positionInParent=Point(0, 0) parentTaskId=-1 isFocused=true isVisible=true isVisibleRequested=true isSleeping=false topActivityInSizeCompat=false topActivityInOplusCompatMode=false topActivityEligibleForLetterboxEducation= false topActivityLetterboxed= false isFromDoubleTap= false topActivityLetterboxVerticalPosition= -1 topActivityLetterboxHorizontalPosition= -1 topActivityLetterboxWidth=-1 topActivityLetterboxHeight=-1 locusId=null displayAreaFeatureId=1 cameraCompatControlState=hidden locusId= null topActivityLetterboxInsets=Rect(0, 0 - 0, 0)} task:Task{658d9c4 #3739 type=standard A=10342:com.funo.app}
12-16 17:55:45.405  3300  3437 D ShellTaskOrganizer: dispatchTaskEventToClientIfNeed, eventType:2, taskInfo:TaskInfo{userId=0 taskId=3739 displayId=0 isRunning=true baseIntent=Intent { act=android.intent.action.MAIN cat=[android.intent.category.LAUNCHER] flg=0x10200000 cmp=com.funo.app/.LoginActivity mCallingUid=10187 } baseActivity=ComponentInfo{com.funo.app/com.funo.app.LoginActivity} topActivity=ComponentInfo{com.funo.app/com.funo.app.SignupActivity} origActivity=null realActivity=ComponentInfo{com.funo.app/com.funo.app.LoginActivity} numActivities=2 lastActiveTime=1726933990 supportsSplitScreenMultiWindow=true supportsMultiWindow=true supportsPocketStudioMultiWindow=true isInFlexibleEmbedded = false uid = 10342 pid = 29001 resizeMode=1 isResizeable=true minWidth=-1 minHeight=-1 defaultMinSize=220 token=WCT{android.window.IWindowContainerToken$Stub$Proxy@d65223e} topActivityType=1 pictureInPictureParams=null shouldDockBigOverlays=false launchIntoPipHostTaskId=-1 lastParentTaskIdBeforePip=-1 displayCutoutSafeInsets=Rect(0, 110 - 0, 0) topActivityInfo=ActivityInfo{e72a89f com.funo.app.SignupActivity} launchCookies=[] positionInParent=Point(0, 0) parentTaskId=-1 isFocused=true isVisible=true isVisibleRequested=true isSleeping=false topActivityInSizeCompat=false topActivityInOplusCompatMode=false topActivityEligibleForLetterboxEducation= false topActivityLetterboxed= false isFromDoubleTap= false topActivityLetterboxVerticalPosition= -1 topActivityLetterboxHorizontalPosition= -1 topActivityLetterboxWidth=-1 topActivityLetterboxHeight=-1 locusId=null displayAreaFeatureId=1 cameraCompatControlState=hidden locusId= null topActivityLetterboxInsets=Rect(0, 0 - 0, 0)}, leash:null
12-16 17:55:45.502  2098  2542 D SurfaceAnimationRunner: onAnimationEnd:Surface(name=Surface(name=Dim Layer for - Task=3739)/@0x3f4b5ce - animation-leash of dimmer)/@0xf826bd7
12-16 17:55:45.714  2098  3058 D PowerManagerService: userActivityNoUpdateLocked: groupId=0, eventTime=1407379067, event=touch, flags=0x0, uid=1000
12-16 17:55:45.752  2098  3721 D InputMethodManagerService: isSecurity: attribute.packageName = com.funo.app mCurMethodId = com.google.android.inputmethod.latin/com.android.inputmethod.latin.LatinIME isSecurity = false ( enable = false needShow = false inBlackList = false isExist = true )
12-16 17:55:45.754  2098  3637 V AutofillInlineSuggestionsRequestSession: onInputMethodFinishInput() received
12-16 17:55:45.756  2098  3724 V AutofillInlineSuggestionsRequestSession: onInputMethodStartInput() received on 1073741824
12-16 17:55:45.763  2098  3721 W PackageConfigPersister: App-specific configuration not found for packageName: com.funo.app and userId: 0
12-16 17:55:45.764  2098  3724 V AutofillInlineSuggestionsRequestSession: onInputMethodShowInputRequested() received: true
12-16 17:55:45.765  2098  3721 V AutofillInlineSuggestionsRequestSession: onInputMethodStartInputView() received
12-16 17:55:45.768 29001 29001 I Quality : Skipped: false 2 cost 20.850603 refreshRate 8336365 bit true processName com.funo.app
12-16 17:55:45.813  2098  3637 D WindowManagerServiceExtImpl: extractConfigInfoAndRealFlags rotation=0, screenDp=720, win=Window{cb599f0 u0 InputMethod}
12-16 17:55:45.813  2098  3637 V WindowManager: Relayout Window{cb599f0 u0 InputMethod}: viewVisibility=0, oldvis=8, req=1080x2302, vsysui=
12-16 17:55:45.813  2098  3637 I WindowManager: Window{cb599f0 u0 InputMethod} state from NO_SURFACE to DRAW_PENDING; reason: resetDrawState
12-16 17:55:45.820  3300  3300 W VRI[StatusBar]: handleResized abandoned!
12-16 17:55:45.820  6485  6485 W VRI[OplusOSEdgeFloatBar]: handleResized abandoned!
12-16 17:55:45.820  2098  3721 D CoreBackPreview: Window{4bfc5d4 u0 com.funo.app/com.funo.app.SignupActivity}: Setting back callback OnBackInvokedCallbackInfo{mCallback=android.window.IOnBackInvokedCallback$Stub$Proxy@2f2a1b7, mPriority=0, mIsAnimationCallback=false}
12-16 17:55:45.821 29574 29574 W VRI[InputMethod]: updateBlastSurfaceIfNeeded, surfaceSize:Point(1080, 2302), lastSurfaceSize:Point(1080, 2302), format:-2, blastBufferQueue:null
12-16 17:55:45.824  3300  3300 W VRI[NavigationBar_displayId_0]: handleResized abandoned!
12-16 17:55:45.835 29001 29001 W VRI[SignupActivity]: handleResized abandoned!
12-16 17:55:45.836  6485  6485 W VRI[OplusOSEdgeFloatBar]: handleResized abandoned!
12-16 17:55:45.837  3300  3300 W VRI[StatusBar]: handleResized abandoned!
12-16 17:55:45.837  3300  3300 W VRI[NavigationBar_displayId_0]: handleResized abandoned!
12-16 17:55:45.842 29001 29001 W VRI[SignupActivity]: handleResized abandoned!
12-16 17:55:45.844  2098  3637 I WindowManager: Window{cb599f0 u0 InputMethod} state from DRAW_PENDING to COMMIT_DRAW_PENDING; reason: finishDrawingLocked
12-16 17:55:45.845  2098  2541 I WindowManager: Window{cb599f0 u0 InputMethod} state from COMMIT_DRAW_PENDING to READY_TO_SHOW; reason: commitFinishDrawingLocked
12-16 17:55:45.861  2098  2541 V WindowStateExtImpl: notifyWindowStateChange input show
12-16 17:55:45.861  2098  2541 I WindowManager: Window{cb599f0 u0 InputMethod} state from READY_TO_SHOW to HAS_DRAWN; reason: performShowLocked
12-16 17:55:45.864  3300  3300 W VRI[NavigationBar_displayId_0]: handleResized abandoned!
12-16 17:55:45.866  6485  6485 W VRI[OplusOSEdgeFloatBar]: handleResized abandoned!
12-16 17:55:45.867 29574 29574 W VRI[InputMethod]: handleResized abandoned!
12-16 17:55:45.868  3300  3300 W VRI[StatusBar]: handleResized abandoned!
12-16 17:55:45.871 29001 29001 W VRI[SignupActivity]: handleResized abandoned!
12-16 17:55:46.412  2098  3085 V NetworkPolicy: updateNetworkEnabledNL() return
12-16 17:55:46.412  2098  3085 V NetworkPolicy: updateNotificationsNL not process
12-16 17:55:46.415  2098  3186 I OplusStatusBarManagerServiceEnhance:  getTopIsFullscreen mTopIsFullscreen: false
12-16 17:55:46.415  2098  2098 D NotificationService--OplusNotificationManagerServiceExtImpl: isForwardToAssistants: false, case : Is in mMcsNotInterceptPkgList or is isSystemApp
12-16 17:55:46.415  2098  2098 D NotificationService: This application enqueue notifications is not need postDelayed
12-16 17:55:46.445 31821 31982 V MonthTrafficAlert: getWarningNotification subId:1 numWarningNotificaion:0
12-16 17:55:46.445 31821 31982 V TrafficAlert: getLimitNotification subId:1 ,numLimitNotificaion:0
12-16 17:55:46.446 31821 31982 V MonthTrafficAlert: getWarningNotification subId:1 numWarningNotificaion:0
12-16 17:55:46.446 31821 31982 V TrafficAlert: getLimitNotification subId:1 ,numLimitNotificaion:0
12-16 17:55:46.459  2098  3058 D PowerManagerService: userActivityNoUpdateLocked: groupId=0, eventTime=1407379813, event=touch, flags=0x0, uid=1000
12-16 17:55:46.637  2098  3697 W OplusDexOptimizeManager: isFirstNotifyDexLoad: isExistInDelate=false isExistInDexContainer=false
12-16 17:55:46.637  2098  3697 W OplusDexOptimizeManager: isFirstNotifyDexLoad: result=false
12-16 17:55:46.638  2098  3697 I AppsFilter: interaction: PackageSetting{78a743 com.funo.app/10342} -> PackageSetting{83b3522 com.oneplus.calculator/10154} BLOCKED
12-16 17:55:46.638  2098  3697 I AppsFilter: interaction: PackageSetting{78a743 com.funo.app/10342} -> PackageSetting{5b22bb3 net.oneplus.weather/10171} BLOCKED
12-16 17:55:46.638  2098  3697 I AppsFilter: interaction: PackageSetting{78a743 com.funo.app/10342} -> PackageSetting{59f5570 com.android.cts.priv.ctsshim/10261} BLOCKED
12-16 17:55:46.638  2098  3697 I AppsFilter: interaction: PackageSetting{78a743 com.funo.app/10342} -> PackageSetting{c02e942 com.google.android.youtube/10152} BLOCKED
12-16 17:55:46.638  2098  3697 I AppsFilter: interaction: PackageSetting{78a743 com.funo.app/10342} -> PackageSetting{dec288c com.google.android.connectivity.resources.overlay.oplus/10017} BLOCKED
12-16 17:55:46.639  2098  3697 I AppsFilter: interaction: PackageSetting{78a743 com.funo.app/10342} -> PackageSetting{c7b816e com.android.uwb.resources/10270} BLOCKED
12-16 17:55:46.639  2098  3697 I AppsFilter: interaction: PackageSetting{78a743 com.funo.app/10342} -> PackageSetting{ab4efea com.android.internal.display.cutout.emulation.corner/10022} BLOCKED
12-16 17:55:46.639  2098  3697 I AppsFilter: interaction: PackageSetting{78a743 com.funo.app/10342} -> PackageSetting{b19d00f com.oplus.smartengine/10172} BLOCKED
12-16 17:55:46.639  2098  3697 I AppsFilter: interaction: PackageSetting{78a743 com.funo.app/10342} -> PackageSetting{6794178 com.android.internal.display.cutout.emulation.double/10023} BLOCKED
12-16 17:55:46.639  2098  3697 I AppsFilter: interaction: PackageSetting{78a743 com.funo.app/10342} -> PackageSetting{b1cfa09 com.microsoft.appmanager/10111} BLOCKED
12-16 17:55:46.639  2098  3697 I AppsFilter: interaction: PackageSetting{78a743 com.funo.app/10342} -> PackageSetting{ebfff2c com.oplus.securitykeyboard/10164} BLOCKED
12-16 17:55:46.639  2098  3697 I AppsFilter: interaction: PackageSetting{78a743 com.funo.app/10342} -> PackageSetting{3c46288 com.google.android.googlequicksearchbox/10121} BLOCKED
12-16 17:55:46.639  2098  3697 I AppsFilter: interaction: PackageSetting{78a743 com.funo.app/10342} -> PackageSetting{dd39421 com.coloros.smartsidebar/10175} BLOCKED
12-16 17:55:46.639  2098  3697 I AppsFilter: interaction: PackageSetting{78a743 com.funo.app/10342} -> PackageSetting{4bcfd24 android.connectivity.base.overlay/10009} BLOCKED
12-16 17:55:46.639  2098  3697 I AppsFilter: interaction: PackageSetting{78a743 com.funo.app/10342} -> PackageSetting{8f16bbc com.google.android.apps.googleassistant/10237} BLOCKED
12-16 17:55:46.639  2098  3697 I AppsFilter: interaction: PackageSetting{78a743 com.funo.app/10342} -> PackageSetting{5a1b207 org.telegram.messenger/10291} BLOCKED
12-16 17:55:46.639  2098  3697 I AppsFilter: interaction: PackageSetting{78a743 com.funo.app/10342} -> PackageSetting{2811f34 com.oneplus.mall/10288} BLOCKED
12-16 17:55:46.640  2098  3697 I AppsFilter: interaction: PackageSetting{78a743 com.funo.app/10342} -> PackageSetting{e7f2ad2 com.oneplus.note/10284} BLOCKED
12-16 17:55:46.640  2098  3697 I AppsFilter: interaction: PackageSetting{78a743 com.funo.app/10342} -> PackageSetting{2aafaa0 com.google.android.onetimeinitializer/10092} BLOCKED
12-16 17:55:46.640  2098  3697 I AppsFilter: interaction: PackageSetting{78a743 com.funo.app/10342} -> PackageSetting{2e9a659 com.google.android.ext.shared/10225} BLOCKED
12-16 17:55:46.640  2098  3697 I AppsFilter: interaction: PackageSetting{78a743 com.funo.app/10342} -> PackageSetting{1221e com.heytap.cloud/10241} BLOCKED
12-16 17:55:46.640  2098  3697 I AppsFilter: interaction: PackageSetting{78a743 com.funo.app/10342} -> PackageSetting{e10ccbc com.android.internal.systemui.navbar.gestural_wide_back/10040} BLOCKED
12-16 17:55:46.640  2098  3697 I AppsFilter: interaction: PackageSetting{78a743 com.funo.app/10342} -> PackageSetting{a14daff com.android.virtualmachine.res/10251} BLOCKED
12-16 17:55:46.640  2098  3697 I AppsFilter: interaction: PackageSetting{78a743 com.funo.app/10342} -> PackageSetting{5d520cc com.oneplus.account/10109} BLOCKED
12-16 17:55:46.640  2098  3697 I AppsFilter: interaction: PackageSetting{78a743 com.funo.app/10342} -> PackageSetting{f7bf8a8 com.android.wifi.resources.overlay.oplus/10012} BLOCKED
12-16 17:55:46.640  2098  3697 I AppsFilter: interaction: PackageSetting{78a743 com.funo.app/10342} -> PackageSetting{5854f15 com.oneplus.soundrecorder/10285} BLOCKED
12-16 17:55:46.640  2098  3697 I AppsFilter: interaction: PackageSetting{78a743 com.funo.app/10342} -> PackageSetting{719422a com.myairtelapp/10271} BLOCKED
12-16 17:55:46.640  2098  3697 I AppsFilter: interaction: PackageSetting{78a743 com.funo.app/10342} -> PackageSetting{e66281b com.oplus.screenrecorder/10117} BLOCKED
12-16 17:55:46.640  2098  3697 I AppsFilter: interaction: PackageSetting{78a743 com.funo.app/10342} -> PackageSetting{1997db8 com.android.htmlviewer/10204} BLOCKED
12-16 17:55:46.640  2098  3697 I AppsFilter: interaction: PackageSetting{78a743 com.funo.app/10342} -> PackageSetting{6f8c791 com.coloros.healthcheck/10162} BLOCKED
12-16 17:55:46.640  2098  3697 I AppsFilter: interaction: PackageSetting{78a743 com.funo.app/10342} -> PackageSetting{fe156f6 com.whatsapp/10293} BLOCKED
12-16 17:55:46.640  2098  3697 I AppsFilter: interaction: PackageSetting{78a743 com.funo.app/10342} -> PackageSetting{3b52af7 com.coloros.weather.service/10168} BLOCKED
12-16 17:55:46.641  2098  3697 I AppsFilter: interaction: PackageSetting{78a743 com.funo.app/10342} -> PackageSetting{944bd64 com.google.android.health.connect.backuprestore/10259} BLOCKED
12-16 17:55:46.641  2098  3697 I AppsFilter: interaction: PackageSetting{78a743 com.funo.app/10342} -> PackageSetting{3514bcd com.google.android.apps.messaging/10235} BLOCKED
12-16 17:55:46.641  2098  3697 I AppsFilter: interaction: PackageSetting{78a743 com.funo.app/10342} -> PackageSetting{c43ec82 com.oneplus.deskclock/10159} BLOCKED
12-16 17:55:46.641  2098  3697 I AppsFilter: interaction: PackageSetting{78a743 com.funo.app/10342} -> PackageSetting{9877f93 com.oplus.interconnectcollectkit/10139} BLOCKED
12-16 17:55:46.641  2098  3697 I AppsFilter: interaction: PackageSetting{78a743 com.funo.app/10342} -> PackageSetting{6424bd0 com.oplus.apprecover/10110} BLOCKED
12-16 17:55:46.641  2098  3697 I AppsFilter: interaction: PackageSetting{78a743 com.funo.app/10342} -> PackageSetting{33d7c9 com.oplus.themestore/10230} BLOCKED
12-16 17:55:46.641  2098  3697 I AppsFilter: interaction: PackageSetting{78a743 com.funo.app/10342} -> PackageSetting{484ece com.mediatek.omacp/10115} BLOCKED
12-16 17:55:46.641  2098  3697 I AppsFilter: interaction: PackageSetting{78a743 com.funo.app/10342} -> PackageSetting{82081ef com.free.vpn.super.hotspot.open/10304} BLOCKED
12-16 17:55:46.641  2098  3697 I AppsFilter: interaction: PackageSetting{78a743 com.funo.app/10342} -> PackageSetting{b4854fc com.oplus.aod/10149} BLOCKED
12-16 17:55:46.641  2098  3697 I AppsFilter: interaction: PackageSetting{78a743 com.funo.app/10342} -> PackageSetting{e992785 com.oplus.ocs/10163} BLOCKED
12-16 17:55:46.641  2098  3697 I AppsFilter: interaction: PackageSetting{78a743 com.funo.app/10342} -> PackageSetting{71e89da com.oplus.pay/10245} BLOCKED
12-16 17:55:46.641  2098  3697 I AppsFilter: interaction: PackageSetting{78a743 com.funo.app/10342} -> PackageSetting{e9d4e0b com.oplus.sos/10118} BLOCKED
12-16 17:55:46.641  2098  3697 I AppsFilter: interaction: PackageSetting{78a743 com.funo.app/10342} -> PackageSetting{e43c4e8 com.google.android.configupdater/10090} BLOCKED
12-16 17:55:46.641  2098  3697 I AppsFilter: interaction: PackageSetting{78a743 com.funo.app/10342} -> PackageSetting{f35b96d com.google.android.overlay.modules.permissioncontroller/10030} BLOCKED
12-16 17:55:46.641  2098  3697 I AppsFilter: interaction: PackageSetting{78a743 com.funo.app/10342} -> PackageSetting{c49b701 com.oplus.romupdate/10167} BLOCKED
12-16 17:55:46.642  2098  3697 I AppsFilter: interaction: PackageSetting{78a743 com.funo.app/10342} -> PackageSetting{ceb69a6 com.google.ar.core/10134} BLOCKED
12-16 17:55:46.642  2098  3697 I AppsFilter: interaction: PackageSetting{78a743 com.funo.app/10342} -> PackageSetting{6d0bfe7 com.google.ar.lens/10238} BLOCKED
12-16 17:55:46.642  2098  3697 I AppsFilter: interaction: PackageSetting{78a743 com.funo.app/10342} -> PackageSetting{5044794 com.google.android.hotspot2.osulogin/10266} BLOCKED
12-16 17:55:46.642  2098  3697 I AppsFilter: interaction: PackageSetting{78a743 com.funo.app/10342} -> PackageSetting{119c23d com.android.simappdialog/10082} BLOCKED
12-16 17:55:46.642  2098  3697 I AppsFilter: interaction: PackageSetting{78a743 com.funo.app/10342} -> PackageSetting{9547a32 com.coloros.scenemode/10169} BLOCKED
12-16 17:55:46.642  2098  3697 I AppsFilter: interaction: PackageSetting{78a743 com.funo.app/10342} -> PackageSetting{869591c com.android.internal.display.cutout.emulation.hole/10029} BLOCKED
12-16 17:55:46.642  2098  3697 I AppsFilter: interaction: PackageSetting{78a743 com.funo.app/10342} -> PackageSetting{5a9a925 com.android.internal.display.cutout.emulation.tall/10020} BLOCKED
12-16 17:55:46.643  2098  3697 I AppsFilter: interaction: PackageSetting{78a743 com.funo.app/10342} -> PackageSetting{2647afa com.android.internal.systemui.navbar.threebutton/10032} BLOCKED
12-16 17:55:46.643  2098  3697 I AppsFilter: interaction: PackageSetting{78a743 com.funo.app/10342} -> PackageSetting{adf7383 com.brave.browser/10296} BLOCKED
12-16 17:55:46.643  2098  3697 I AppsFilter: interaction: PackageSetting{78a743 com.funo.app/10342} -> PackageSetting{a84900 com.coloros.bootreg/10116} BLOCKED
12-16 17:55:46.643  2098  3697 I AppsFilter: interaction: PackageSetting{78a743 com.funo.app/10342} -> PackageSetting{3e54539 com.android.hotwordenrollment.xgoogle/10089} BLOCKED
12-16 17:55:46.643  2098  3697 I AppsFilter: interaction: PackageSetting{78a743 com.funo.app/10342} -> PackageSetting{6cc077e com.oplus.upgradeguide/10189} BLOCKED
12-16 17:55:46.643  2098  3697 I AppsFilter: interaction: PackageSetting{78a743 com.funo.app/10342} -> PackageSetting{89bc4df com.oplus.pantanal.ums/10120} BLOCKED
